33f80000 T _start
33f80020 t _undefined_instruction
33f80024 t _software_interrupt
33f80028 t _prefetch_abort
33f8002c t _data_abort
33f80030 t _not_used
33f80034 t _irq
33f80038 t _fiq
33f80040 t _TEXT_BASE
33f80044 T _armboot_start
33f80048 T _bss_start
33f8004c T _bss_end
33f80050 T IRQ_STACK_START
33f80054 T FIQ_STACK_START
33f80058 t start_code
33f80124 t nand1
33f80130 t nand2
33f80168 t bad_nand_read
33f80168 t loop2
33f8016c t ok_nand_read
33f80178 t go_next
33f80194 t loop3
33f80194 t notmatch
33f80198 t relocate
33f801bc t copy_loop
33f801cc t stack_setup
33f801e0 t clear_bss
33f801ec t clbss_l
33f80220 t _start_armboot
33f80224 t DW_STACK_START
33f80228 t cpu_init_crit
33f80260 t undefined_instruction
33f802c0 t software_interrupt
33f80320 t prefetch_abort
33f80380 t data_abort
33f803e0 t not_used
33f80440 t irq
33f80454 t int_return
33f80460 t fiq
33f804e0 t _TEXT_BASE
33f804e4 T lowlevel_init
33f8051c t SMRDATA
33f80550 t is_bad_block
33f80620 T nand_read_ll
33f80840 T hang
33f80850 t display_dram_config
33f80880 t init_func_i2c
33f808b4 t display_banner
33f80900 t init_baudrate
33f8095c T start_armboot
33f80ae8 T enable_interrupts
33f80af8 T disable_interrupts
33f80b14 T show_regs
33f80c54 T bad_mode
33f80c70 T do_fiq
33f80c94 T do_not_used
33f80cb8 T do_data_abort
33f80cdc T do_prefetch_abort
33f80d00 T do_software_interrupt
33f80d24 T do_undefined_instruction
33f80d48 T interrupt_init
33f80d7c W cpu_eth_init
33f80d7c t __def_eth_init
33f80d84 T eth_get_dev
33f80d94 T eth_get_dev_by_index
33f80dd8 T eth_get_dev_index
33f80e24 T eth_halt
33f80e58 T eth_send
33f80e8c T eth_rx
33f80eb8 T eth_get_name
33f80ed8 T eth_get_dev_by_name
33f80f28 T eth_set_current
33f80fc8 T eth_try_another
33f81078 T eth_register
33f81104 T eth_setenv_enetaddr
33f8113c T eth_parse_enetaddr
33f8119c T eth_getenv_enetaddr
33f811f4 T eth_getenv_enetaddr_by_index
33f81240 T eth_init
33f81300 T eth_initialize
33f814d8 t startAgainTimeout
33f814ec t startAgainHandler
33f814f0 T NetSetHandler
33f81500 T NetCksumOk
33f81558 T NetCksum
33f815a0 T copy_filename
33f815f8 T string_to_VLAN
33f8164c T getenv_VLAN
33f8165c T NetEthHdrSize
33f816a0 T VLAN_to_string
33f816ec T ip_to_string
33f8173c T random_port
33f81758 T NetSetTimeout
33f81788 t NetCopyIP
33f81790 T NetSetIP
33f818b0 T NetSetEther
33f81954 t NetReadIP
33f81970 t PingHandler
33f81998 T NetSendPacket
33f8199c T NetReceive
33f81fb0 T ArpRequest
33f820b4 T PingSend
33f82264 T NetSendUDPPacket
33f823a4 t PingTimeout
33f823c0 T NetStartAgain
33f824c8 T ArpTimeoutCheck
33f8253c t getenv_IPaddr
33f8254c T NetLoop
33f82954 t basename
33f82990 t rpc_add_credentials
33f82a80 t rpc_lookup_reply
33f82b58 t nfs_mount_reply
33f82c08 t nfs_umountall_reply
33f82c9c t nfs_lookup_reply
33f82d44 t rpc_req
33f82e68 t rpc_lookup_req
33f82ee8 t nfs_mount_req
33f82f8c t nfs_umountall_req
33f82fe4 t nfs_lookup_req
33f8309c t nfs_read_req
33f8313c t nfs_readlink_req
33f83194 t NfsSend
33f83228 T NfsStart
33f83460 t nfs_readlink_reply
33f83578 t nfs_read_reply
33f836e4 t NfsHandler
33f838cc t NfsTimeout
33f83928 T RarpRequest
33f83a24 t RarpHandler
33f83a80 t RarpTimeout
33f83ac8 t TftpSend
33f83c68 T TftpStart
33f83f44 t TftpTimeout
33f83fa8 t TftpHandler
33f84290 t NetCopyIP
33f84298 t NetReadLong
33f842b4 t DhcpOptionsProcess
33f844bc t DhcpExtended
33f846d4 t T.68
33f846f0 t DhcpHandler
33f84a44 T BootpRequest
33f84c10 T DhcpRequest
33f84c14 t BootpTimeout
33f84c5c t WaitForXfer
33f84ca8 t i2c_transfer
33f84fc0 T i2c_write
33f85060 T i2c_read
33f85108 T i2c_probe
33f85144 T i2c_init
33f852d4 T nand_init
33f8538c t generic_ffs
33f853e0 t nand_release_device
33f853f8 t nand_read_byte
33f85408 t nand_read_byte16
33f8541c t nand_read_word
33f8542c t nand_write_buf
33f85458 t nand_read_buf
33f85480 t nand_verify_buf
33f854c0 t nand_write_buf16
33f854f4 t nand_read_buf16
33f85528 t nand_verify_buf16
33f85570 t nand_block_bad
33f85664 t nand_check_wp
33f856a0 t nand_read_page_raw
33f856d8 t nand_read_page_raw_syndrome
33f857a4 t nand_read_page_swecc
33f858b4 t nand_read_subpage
33f85b3c t nand_read_page_hwecc
33f85c74 t nand_read_page_hwecc_oob_first
33f85db0 t nand_read_page_syndrome
33f85ed0 t nand_read_oob_std
33f85f10 t nand_read_oob_syndrome
33f86010 t nand_write_oob_std
33f86080 t nand_write_oob_syndrome
33f8622c t nand_write_page_raw
33f86260 t nand_write_page_raw_syndrome
33f8632c t nand_write_page_swecc
33f863e8 t nand_write_page_hwecc
33f864b0 t nand_write_page_syndrome
33f865a0 t single_erase_cmd
33f865dc t multi_erase_cmd
33f86668 t nand_sync
33f86678 t nand_suspend
33f8668c T nand_release
33f866b4 t nand_resume
33f866d4 T nand_scan_tail
33f86c8c t nand_select_chip
33f86ce8 t nand_block_checkbad
33f86d64 t nand_block_isbad
33f86da4 t nand_block_markbad
33f86de0 t nand_write_page
33f86ed4 T nand_scan_ident
33f87480 T nand_scan
33f874a0 t nand_fill_oob
33f875b8 t nand_do_write_oob
33f87788 t nand_do_write_ops
33f87ac8 t nand_write_oob
33f87b74 t nand_transfer_oob
33f87c88 t nand_write
33f87e7c t nand_default_block_markbad
33f87f6c T nand_erase_nand
33f88358 t nand_erase
33f88360 t nand_wait
33f88430 T nand_wait_ready
33f88478 t nand_do_read_ops
33f8889c t nand_read_oob
33f88b74 t nand_read
33f88c08 t nand_command
33f88dd4 t nand_command_lp
33f89028 t scan_read_raw
33f89070 T nand_isbad_bbt
33f890c0 t create_bbt
33f89418 t search_bbt
33f896ec t read_bbt
33f89934 t read_abs_bbt
33f89a2c t write_bbt
33f8a0a8 T nand_update_bbt
33f8a1f8 t mark_bbt_region
33f8a37c T nand_scan_bbt
33f8a7f4 T nand_default_bbt
33f8a8b8 T nand_calculate_ecc
33f8a9ac T nand_correct_data
33f8aacc t s3c2410_hwcontrol
33f8ab40 t s3c2410_dev_ready
33f8ab54 T board_nand_init
33f8abc8 T _serial_getc
33f8abe8 T serial_getc
33f8ac0c T serial_putc
33f8ac14 T _serial_putc
33f8ac40 T _serial_tstc
33f8ac54 T serial_tstc
33f8ac68 T _serial_puts
33f8ac98 T serial_puts
33f8aca0 T _serial_setbrg
33f8accc T serial_init
33f8ad14 T serial_setbrg
33f8ad1c T udc_disconnect
33f8ad34 T HaltDabort
33f8ad48 T HaltPabort
33f8ad5c T HaltSwi
33f8ad70 T HaltUndef
33f8ad84 T usb_init_slave
33f8adf8 T awaitkey
33f8ae68 T usb_receive
33f8b0c8 T ClearPending_my
33f8b0dc T Timer_InitEx
33f8b13c T IsrWatchdog
33f8b178 T IsrTimer4
33f8b1a0 T Isr_Init
33f8b248 T IRQ_Handle
33f8b2a4 T Dummy_isr
33f8b2cc T Timer_StopEx
33f8b350 T Timer_StartEx
33f8b3b4 T ReconfigUsbd
33f8b4d8 T ConfigUsbd
33f8b4f8 T RdPktEp0
33f8b520 T WrPktEp0
33f8b548 T WrPktEp1
33f8b570 T WrPktEp2
33f8b598 T RdPktEp3
33f8b5c0 T RdPktEp4
33f8b5e8 T ConfigEp3DmaMode
33f8b6c8 T ConfigEp3IntMode
33f8b71c T _WrDbgStrFifo
33f8b74c T DbgPrintf
33f8b758 T IsrUsbd
33f8b834 T UsbdMain
33f8b848 T ClearEp3OutPktReady
33f8b870 T IsrDma2
33f8b9f8 T Ep3Handler
33f8bc0c T InitDescriptorTable
33f8bd30 T Ep0Handler
33f8c5f4 T PrepareEp1Fifo
33f8c664 T Ep1Handler
33f8c6a8 T do_bdinfo
33f8c798 W do_go_exec
33f8c7b4 T do_go
33f8c82c T __arch_preboot_os
33f8c82c W arch_preboot_os
33f8c830 t do_imls
33f8c8e4 t image_info
33f8c9c8 T do_iminfo
33f8ca28 T do_bootd
33f8ca4c t do_bootm_rtems
33f8ca8c t do_bootm_qnxelf
33f8caf0 t do_bootm_vxworks
33f8cb54 t do_bootm_netbsd
33f8cc78 t bootm_load_os
33f8cdcc t bootm_start
33f8d18c T do_bootm_subcommand
33f8d344 T do_bootm
33f8d624 t on_off
33f8d660 T do_dcache
33f8d6d8 T do_icache
33f8d750 T do_coninfo
33f8d824 T mk_date
33f8daac T do_date
33f8dbcc T do_echo
33f8dc4c T eeprom_init
33f8dc5c T eeprom_probe
33f8dc68 T eeprom_write
33f8dce0 T eeprom_read
33f8dd54 T do_eeprom
33f8de68 T load_elf_image
33f8df00 T valid_elf_image
33f8df54 T do_bootvx
33f8e1e0 W do_bootelf_exec
33f8e220 T do_bootelf
33f8e2b8 T do_exit
33f8e2e8 T do_fat_fsinfo
33f8e3c0 T do_fat_ls
33f8e4c4 T do_fat_fsload
33f8e648 T flash_sect_roundb
33f8e714 t flash_fill_sect_ranges
33f8e8e4 T flash_sect_protect
33f8e9d8 t addr_spec
33f8ea9c t abbrev_spec
33f8ebe4 T do_protect
33f8ee80 T flash_sect_erase
33f8ef60 T do_flerase
33f8f0f4 T do_flinfo
33f8f170 T do_help
33f8f1b8 T __def_i2c_get_bus_speed
33f8f1b8 W i2c_get_bus_speed
33f8f1c4 T __def_i2c_set_bus_speed
33f8f1c4 W i2c_set_bus_speed
33f8f1dc T do_i2c_bus_speed
33f8f24c t mod_i2c_mem
33f8f498 T do_i2c_loop
33f8f5a8 T do_i2c_mw
33f8f6d0 T do_i2c_probe
33f8f71c T do_i2c_md
33f8f8fc T do_i2c_crc
33f8fa48 T do_i2c
33f8fc58 t evalexp
33f8fcc4 T binary_test
33f8fecc T do_itest
33f8ff68 t jffs2_part_info
33f8fffc T mtdparts_init
33f90394 T do_jffs2_fsinfo
33f903f0 T do_jffs2_ls
33f90448 T do_jffs2_fsload
33f90580 T ktrans
33f905a0 T chk1
33f905d0 t bin_data_init
33f905e8 t bin_data_char
33f90608 T k_data_init
33f90628 T k_data_save
33f9064c T k_data_restore
33f90670 T k_data_char
33f906e8 T send_pad
33f90718 T s1_sendpacket
33f90744 T handle_send_packet
33f90940 T send_nack
33f909b8 T send_ack
33f90a30 t load_serial_xmodem
33f90b64 t load_serial_ymodem
33f90c98 t getcxmodem
33f90cb8 T do_load_serial_bin
33f911d0 t load_serial
33f91410 T do_load_serial
33f914ec T do_mem_crc
33f91598 T do_mem_base
33f915dc T do_mem_mtest
33f91784 T do_mem_loop
33f9187c T do_mem_cmp
33f91a0c T do_mem_mw
33f91ac8 T do_mem_cp
33f91cb0 t mod_mem
33f91dfc T do_mem_nm
33f91e1c T do_mem_mm
33f91e3c T do_mem_md
33f91f10 T do_sleep
33f91f94 T do_mmc
33f920d0 t nand_print_info
33f92128 t arg_off_size
33f92268 T do_nandboot
33f925b0 t nand_dump
33f927d8 T do_nand
33f93000 T do_ping
33f93080 t netboot_common
33f9337c T do_nfs
33f93388 T do_dhcp
33f93394 T do_rarpb
33f933a0 T do_tftpb
33f933ac T do_bootp
33f933b8 T get_env_id
33f933c8 T envmatch
33f93428 T getenv_r
33f934d0 T do_saveenv
33f934fc T getenv
33f9356c T _do_setenv
33f93998 T do_askenv
33f93afc T do_setenv
33f93b28 T setenv
33f93b74 T do_editenv
33f93bdc t printenv
33f93cb4 T do_printenv
33f93d44 T do_reginfo
33f93d4c T source
33f93e9c T do_source
33f93ee4 T do_false
33f93eec T do_true
33f93ef4 T do_test
33f9435c T usb_get_class_desc
33f943fc T usb_display_ep_desc
33f944b8 T usb_display_class_sub
33f94634 T do_usbboot
33f949d4 T usb_show_tree_graph
33f94bf4 T usb_show_tree
33f94c28 T usb_display_desc
33f94d58 T usb_display_string
33f94d94 T usb_display_if_desc
33f94e1c T usb_display_conf_desc
33f94ec8 T usb_display_config
33f94f54 T do_usb
33f95480 T do_usbslave
33f955cc T do_version
33f955ec T do_imgextract
33f958c8 T cmd_get_data_size
33f95918 T cmd_usage
33f95978 T var_complete
33f959f8 T find_cmd_tbl
33f95a8c T find_cmd
33f95ab4 T install_auto_complete
33f95b08 T _do_help
33f95c80 T cmd_auto_complete
33f9610c t console_setfile
33f961b0 T fgetc
33f961d8 T ftstc
33f96200 T fputc
33f9622c T fputs
33f96258 T disable_ctrlc
33f96270 T had_ctrlc
33f96280 T clear_ctrlc
33f96294 T dbg
33f962a0 T console_init_f
33f962b0 T search_device
33f962d8 T console_assign
33f96318 T fprintf
33f96360 T puts
33f9637c T vprintf
33f963a8 T printf
33f963e8 T stdio_print_current_devices
33f964a0 T console_init_r
33f9657c T serial_printf
33f965bc T putc
33f965d8 T tstc
33f965f0 T getc
33f96608 T ctrlc
33f96654 T sbrk
33f9668c T malloc_trim
33f9679c T free
33f969c0 T cfree
33f969c4 T malloc
33f96fec T memalign
33f970fc T pvalloc
33f97114 T valloc
33f97120 T malloc_usable_size
33f97164 T mallopt
33f971dc T calloc
33f972bc T mem_malloc_init
33f972e4 T realloc
33f9774c T env_get_char_memory
33f97770 T env_get_addr
33f97794 T env_get_char
33f977dc T env_complete
33f9791c T env_crc_update
33f97948 T set_default_env
33f97990 T env_relocate
33f979e8 T env_get_char_spec
33f979f4 T env_init
33f97a10 T writeenv
33f97ac4 T readenv
33f97b78 t use_default
33f97b90 T env_relocate_spec
33f97bdc T saveenv
33f97c7c t dummy
33f97c80 T get_version
33f97c88 T jumptable_init
33f97e70 T flash_protect
33f97f64 T addr2info
33f97fac T flash_perror
33f98070 T flash_write
33f98230 T simple_itoa
33f98284 t static_get
33f982a0 t static_peek
33f982ac t file_peek
33f982b8 T mapset
33f982e4 T do_showvar
33f983d0 T u_boot_hush_start
33f98420 t xmalloc
33f98440 T new_pipe
33f98468 t file_get
33f98614 t free_pipe_list
33f986f8 T unset_local_var
33f98794 t xrealloc
33f987b4 t done_command
33f9883c t initialize_context
33f98874 t done_pipe
33f988bc T reserved_word
33f98a44 t b_addchr
33f98ab4 t done_word
33f98c34 t b_addqchr
33f98c80 t insert_var_value
33f98e2c T set_local_var
33f98fdc T update_ifs_map
33f990a4 t parse_stream_outer
33f996e4 T parse_file_outer
33f99728 T parse_string_outer
33f99818 t run_list_real
33f9a05c T image_multi_count
33f9a080 T get_table_entry_name
33f9a0ac T genimg_get_os_name
33f9a0e4 T genimg_get_arch_name
33f9a11c T genimg_get_type_name
33f9a154 T genimg_get_comp_name
33f9a18c T genimg_get_image
33f9a190 T genimg_has_config
33f9a198 T get_table_entry_id
33f9a1e4 T genimg_get_comp_id
33f9a1fc T genimg_get_type_id
33f9a214 T genimg_get_arch_id
33f9a22c T genimg_get_os_id
33f9a244 T genimg_get_format
33f9a278 t image_get_data_size
33f9a298 T image_multi_getimg
33f9a340 T genimg_print_size
33f9a36c T memmove_wd
33f9a370 T getenv_bootm_low
33f9a3a4 T getenv_yesno
33f9a3c8 T getenv_bootm_size
33f9a3fc T image_print_contents
33f9a6a4 T image_check_dcrc
33f9a6f0 T image_check_hcrc
33f9a758 T boot_get_ramdisk
33f9a9cc T __show_boot_progress
33f9a9cc W show_boot_progress
33f9a9d0 T parse_line
33f9aa5c T do_run
33f9aacc T run_command
33f9af14 T FriendlyARMMenu
33f9b168 t delete_char
33f9b244 t cread_add_char
33f9b32c T readline_into_buffer
33f9bc44 T readline
33f9bc60 T main_loop
33f9bd5c t hex2_bin
33f9bddc T srec_decode
33f9c050 T stdio_get_list
33f9c05c T stdio_clone
33f9c0a4 T stdio_register
33f9c0e4 T stdio_init
33f9c180 T stdio_get_by_name
33f9c1cc T usb_disable_asynch
33f9c1e4 T usb_maxpacket
33f9c208 t usb_set_maxpacket_ep
33f9c278 T usb_set_maxpacket
33f9c2dc T usb_get_dev_index
33f9c30c T usb_hub_reset
33f9c320 T usb_hub_allocate
33f9c364 T usb_alloc_new_device
33f9c404 T usb_parse_config
33f9c554 T usb_submit_int_msg
33f9c558 T usb_stop
33f9c58c T wait_ms
33f9c5b0 T usb_bulk_msg
33f9c614 T usb_control_msg
33f9c6e4 T usb_get_port_status
33f9c744 T usb_get_hub_status
33f9c798 T usb_set_port_feature
33f9c7f8 T usb_clear_port_feature
33f9c858 T usb_clear_hub_feature
33f9c8ac T usb_get_hub_descriptor
33f9c90c T usb_get_string
33f9c988 t usb_string_sub
33f9ca88 T usb_string
33f9cb88 T usb_get_class_descriptor
33f9cbfc T usb_get_report
33f9cc70 T usb_set_idle
33f9ccd4 T usb_set_protocol
33f9cd34 T usb_set_configuration
33f9cda0 T usb_set_interface
33f9ce60 T usb_set_address
33f9cea4 T usb_get_descriptor
33f9cf10 T usb_get_configuration_no
33f9cfa8 T usb_clear_halt
33f9d058 t usb_hub_power_on
33f9d09c t hub_port_reset
33f9d13c T usb_hub_port_connect_change
33f9d228 T usb_hub_configure
33f9d430 T usb_hub_probe
33f9d48c T usb_new_device
33f9d71c T usb_scan_devices
33f9d794 T usb_init
33f9d810 T usb_stor_get_dev
33f9d830 t usb_stor_irq
33f9d84c T usb_show_progress
33f9d858 T usb_storage_probe
33f9da88 T usb_stor_BBB_clear_endpt_stall
33f9dad8 t usb_stor_BBB_reset
33f9dbc0 t usb_stor_CB_reset
33f9dca8 T usb_stor_CB_comdat
33f9def4 T usb_stor_BBB_comdat
33f9dfe0 T usb_stor_BBB_transport
33f9e1a8 T usb_stor_CBI_get_status
33f9e288 T usb_stor_CB_transport
33f9e474 T usb_stor_info
33f9e4e0 t T.90
33f9e548 t T.89
33f9e5cc T usb_stor_get_info
33f9e844 T usb_stor_scan
33f9e99c T usb_stor_read
33f9eb84 T usb_stor_write
33f9ed6c T parse_num
33f9ee98 T xyzModem_error
33f9eeb8 T xyzModem_stream_close
33f9ef08 T CYGACC_COMM_IF_PUTC
33f9ef10 T CYGACC_COMM_IF_GETC_TIMEOUT
33f9ef64 T xyzModem_stream_terminate
33f9f058 t xyzModem_get_hdr
33f9f314 T xyzModem_stream_read
33f9f590 T xyzModem_stream_open
33f9f6e4 T board_video_init
33f9f73c T dram_init
33f9f75c T board_eth_init
33f9f760 T board_init
33f9f88c t write_hword
33f9f92c T write_buff
33f9fa9c T flash_print_info
33f9fbd8 T flash_erase
33f9fd80 T flash_init
33f9fe28 T cyg_crc16
33f9fe70 T crc32_no_comp
33f9ff5c T crc32
33f9ff70 T crc32_wd
33f9ff74 T print_size
33fa0038 T display_options
33fa0058 T print_buffer
33fa01c8 T zunzip
33fa02b8 T gunzip
33fa036c T zfree
33fa0374 T zalloc
33fa0384 T string_to_ip
33fa0400 T strcpy
33fa041c T strncpy
33fa0444 T strcat
33fa0474 T strncat
33fa04d0 T strcmp
33fa0500 T strncmp
33fa0548 T strchr
33fa0574 T strrchr
33fa05b0 T strlen
33fa05d0 T strnlen
33fa05f8 T strspn
33fa063c T strpbrk
33fa0674 T strtok
33fa0740 T strsep
33fa07a4 T strswab
33fa07ec T memset
33fa0860 T bcopy
33fa0888 T memcpy
33fa08f4 T memmove
33fa0950 T memcmp
33fa0988 T memscan
33fa09b8 T strstr
33fa0a38 T memchr
33fa0a64 T strdup
33fa0abc T udelay
33fa0aec T simple_strtoul
33fa0b9c T simple_strtol
33fa0bc4 T ustrtoul
33fa0c30 T simple_strtoull
33fa0d0c t put_dec_trunc
33fa0de8 T panic
33fa0e38 t string
33fa0ee0 t put_dec
33fa1014 t number
33fa1260 T vsprintf
33fa18b8 T sprintf
33fa18e0 T inflate_fast
33fa1e3c T inflate_table
33fa23e8 T inflateReset
33fa2488 T inflateInit2_
33fa2588 T inflateInit_
33fa2598 T inflateEnd
33fa261c T adler32
33fa292c T zcfree
33fa2934 T zcalloc
33fa293c T inflate
33fa4080 T __div64_32
33fa4178 T do_irq
33fa4188 T arch_interrupt_init
33fa4190 t get_PLLCLK
33fa4214 T get_UCLK
33fa421c T get_FCLK
33fa4224 T get_HCLK
33fa42d8 T get_PCLK
33fa4304 T reset_timer
33fa4330 T set_timer
33fa4340 T __udelay
33fa43f4 T reset_timer_masked
33fa4420 T get_timer_masked
33fa4488 T get_timer
33fa449c T udelay_masked
33fa4580 T get_ticks
33fa45d4 T get_tbclk
33fa45dc T reset_cpu
33fa4604 T timer_init
33fa468c T rh_check_port_status
33fa4738 T submit_int_msg
33fa4740 t T.92
33fa47f8 T usb_lowlevel_init
33fa4a54 T usb_lowlevel_stop
33fa4a88 t T.93
33fa4b14 T sohci_submit_job
33fa5104 T submit_common_msg
33fa565c T submit_bulk_msg
33fa5674 T submit_control_msg
33fa5d1c T mmc_get_dev
33fa5d28 T mmc_ident
33fa5d30 T mmc2info
33fa5d38 t mmc_cmd
33fa5e1c T mmc_init
33fa64b8 t T.66
33fa65c0 T mmc_read
33fa66c4 T mmc_bread
33fa66e8 T mmc_write
33fa67c0 T do_bootm_linux
33fa698c T flush_cache
33fa6990 T icache_enable
33fa69d0 T icache_disable
33fa6a10 T icache_status
33fa6a20 T dcache_enable
33fa6a60 T dcache_disable
33fa6aa0 T dcache_status
33fa6ab0 T do_reset
33fa6ae0 T disk_read
33fa6b30 t get_fatent
33fa6c98 t get_cluster
33fa6d40 t get_vfatname
33fa6fd8 t get_name
33fa70b8 t read_bootsectandvi
33fa71b0 T file_fat_detectfs
33fa7310 T do_fat_read
33fa7d58 T file_fat_read
33fa7d90 T file_fat_ls
33fa7da0 T fat_register_device
33fa7e90 T mkmodestr
33fa7f98 t insert_node
33fa8060 t put_fl_mem
33fa808c T jffs2_free_cache
33fa80e8 t get_fl_mem_nor
33fa8138 t get_fl_mem_nand
33fa8300 t get_fl_mem
33fa8358 T jffs2_1pass_rescan_needed
33fa83cc t jffs2_get_list
33fa89cc T jffs2_1pass_info
33fa8ae8 t get_node_mem
33fa8bf8 t jffs2_1pass_find_inode
33fa8d80 t jffs2_1pass_search_inode
33fa8eb4 T jffs2_1pass_load
33fa9480 t T.132
33fa9ac8 T jffs2_1pass_ls
33fa9b10 T rtime_decompress
33fa9bd8 T rubin_do_decompress
33fa9cc0 T dynrubin_decompress
33fa9cfc T zlib_decompress
33fa9d14 T cramfs_memset
33fa9d38 T pull_bits
33fa9d90 T pull_bit
33fa9dc4 t read_symbol
33fa9e6c t decompress_huffman
33faa040 t fill_code_tables
33faa114 t init_code_tables
33faa194 T decompress_block
33faaa64 T dev_print
33faac64 T get_partition_info
33faac88 T init_part
33faaca4 T get_dev
33faad08 T print_part
33faade4 T test_part_dos
33faae38 t get_partition_info_extended
33fab0c4 T get_partition_info_dos
33fab0e4 t print_partition_extended
33fab310 T print_part_dos
33fab33c t nand_block_bad_scrub
33fab344 t get_len_incl_bad
33fab3d4 T nand_read_skip_bad
33fab594 T nand_write_skip_bad
33fab838 T nand_erase_opts
33fabb64 t dm9000_outblk_8bit
33fabb8c t dm9000_outblk_16bit
33fabbc4 t dm9000_outblk_32bit
33fabbf8 t dm9000_inblk_8bit
33fabc20 t dm9000_inblk_16bit
33fabc5c t dm9000_inblk_32bit
33fabc90 t dm9000_rx_status_32bit
33fabcb8 t dm9000_rx_status_16bit
33fabcdc t dm9000_rx_status_8bit
33fabd10 T dm9000_initialize
33fabd70 t dm9000_reset
33fabe3c t dm9000_rx
33fabf8c t dm9000_halt
33fac014 t phy_read
33fac074 t dm9000_init
33fac394 t dm9000_send
33fac474 T GregorianDay
33fac564 T to_tm
33fac678 T mktime
33fac710 t bin2bcd
33fac73c T rtc_get
33fac900 T rtc_set
33fac9c8 T rtc_reset
33fac9f0 T cleanup_before_linux
33faca10 T raise
33faca2c T __aeabi_uidiv
33faca2c T __udivsi3
33facb28 T __aeabi_uidivmod
33facb40 T __aeabi_idiv
33facb40 T __divsi3
33facc6c T __aeabi_idivmod
33facc84 T __aeabi_llsr
33facc84 T __lshrdi3
33facca0 T __aeabi_lasr
33facca0 T __ashrdi3
33faccbc T __aeabi_llsl
33faccbc T __ashldi3
33faccd8 T __div0
33faccec R version_string
33facd18 r C.35.3045
33facd98 r default_nand_name
33facda0 r __FUNCTION__.6380
33facdb0 r __FUNCTION__.4115
33facdc4 r __func__.6200
33facdd8 r __FUNCTION__.5609
33facde8 r __FUNCTION__.4936
33facdfc r nand_ecc_precalc_table
33facefc r descStr0
33facf00 r descStr1
33facf20 r descStr2
33facf48 r boot_os
33facf94 r __FUNCTION__.4240
33facfb4 r CSWTCH.69
33fad00c r CSWTCH.87
33fad014 r CSWTCH.58
33fad034 r crc16_tab
33fad234 r crc_table
33fad634 r digits.3342
33fad644 R hex_asc
33fad658 r lext.3677
33fad698 r lbase.3676
33fad6d8 r dext.3679
33fad718 r dbase.3678
33fad758 r lenfix
33fadf58 r distfix
33fadfd8 r order.3986
33fae000 R z_errmsg
33fae028 r cc_to_error
33fae068 r l.4709
33fae06c r compr_names
33fae088 r year_lengths.3134
33fae090 r mon_lengths.3133
33fae0f0 r day_name.3110
33fae108 r mon_name.3111
33fae12c r huffman_order
33fae140 r block_drvr
33fae158 r C.31.3071
33fb65d0 D init_sequence
33fb6600 D NetOurVLAN
33fb6602 D NetOurNativeVLAN
33fb6604 D NetBcastAddr
33fb660c d nfs_offset
33fb6610 d TftpTimeoutMSecs
33fb6614 d TftpBlkSizeOption
33fb6618 d TftpTimeoutCountMax
33fb661c D TftpRRQTimeoutCountMax
33fb6620 d TftpBlkSize
33fb6624 D TftpRRQTimeoutMSecs
33fb6628 D nand_curr_device
33fb662c d nand_oob_8
33fb6874 d nand_oob_16
33fb6abc d nand_oob_64
33fb6d04 d nand_oob_128
33fb6f4c d bbt_main_descr
33fb6f70 d bbt_mirror_descr
33fb6f94 d agand_flashbased
33fb6fb8 d smallpage_flashbased
33fb6fdc d largepage_flashbased
33fb7000 d smallpage_memorybased
33fb7024 d largepage_memorybased
33fb7048 d bbt_pattern
33fb704c d mirror_pattern
33fb7050 d scan_agand_pattern
33fb7058 d scan_ff_pattern
33fb705c D nand_flash_ids
33fb74ac D nand_manuf_ids
33fb74fc D IO_ADDR_W
33fb7500 D Selfpwr
33fb7501 D Configuration
33fb7504 D load_addr
33fb7508 D cmd_bootm_sub
33fb75b0 D weekdays
33fb75cc d i2c_dp_last_length
33fb75d0 D op_table
33fb7638 d do_echo
33fb763c D dp_last_length
33fb7640 d curr_device
33fb7644 d env_id
33fb7648 d usb_stor_curr_dev
33fb764c D g_bUSBWait
33fb7650 d av_
33fb7a58 d sbrk_base
33fb7a5c d trim_threshold
33fb7a60 d mmap_threshold
33fb7a64 D default_environment
33fb7b94 D env_name_spec
33fb7b98 d reserved_list
33fb7c1c d uimage_os
33fb7c7c d uimage_arch
33fb7d6c d uimage_type
33fb7dfc d uimage_comp
33fb7e44 d erase_seq
33fb7e48 d tab_seq
33fb7e54 d hist_cur
33fb7e58 D stdio_names
33fb7e64 D us_direction
33fb7e84 D _ctype
33fb7f84 d root_hub_dev_des
33fb7f98 d root_hub_config_des
33fb7fb4 d root_hub_str_index0
33fb7fb8 d root_hub_str_index1
33fb7fd4 d rca
33fb7fd8 d cur_part
33fb7fdc d nand_cache_off
33fb7fe0 d month_days
33fb8010 A __u_boot_cmd_start
33fb8010 D __u_boot_cmd_bdinfo
33fb802c D __u_boot_cmd_go
33fb8048 D __u_boot_cmd_reset
33fb8064 D __u_boot_cmd_bootm
33fb8080 D __u_boot_cmd_boot
33fb809c D __u_boot_cmd_bootd
33fb80b8 D __u_boot_cmd_iminfo
33fb80d4 D __u_boot_cmd_imls
33fb80f0 D __u_boot_cmd_icache
33fb810c D __u_boot_cmd_dcache
33fb8128 D __u_boot_cmd_coninfo
33fb8144 D __u_boot_cmd_date
33fb8160 D __u_boot_cmd_echo
33fb817c D __u_boot_cmd_eeprom
33fb8198 D __u_boot_cmd_bootelf
33fb81b4 D __u_boot_cmd_bootvx
33fb81d0 D __u_boot_cmd_exit
33fb81ec D __u_boot_cmd_fatload
33fb8208 D __u_boot_cmd_fatls
33fb8224 D __u_boot_cmd_fatinfo
33fb8240 D __u_boot_cmd_flinfo
33fb825c D __u_boot_cmd_erase
33fb8278 D __u_boot_cmd_protect
33fb8294 D __u_boot_cmd_help
33fb82b0 D __u_boot_cmd_question_mark
33fb82cc D __u_boot_cmd_i2c
33fb82e8 D __u_boot_cmd_itest
33fb8304 D __u_boot_cmd_fsload
33fb8320 D __u_boot_cmd_ls
33fb833c D __u_boot_cmd_fsinfo
33fb8358 D __u_boot_cmd_loads
33fb8374 D __u_boot_cmd_loadb
33fb8390 D __u_boot_cmd_loadx
33fb83ac D __u_boot_cmd_loady
33fb83c8 D __u_boot_cmd_md
33fb83e4 D __u_boot_cmd_mm
33fb8400 D __u_boot_cmd_nm
33fb841c D __u_boot_cmd_mw
33fb8438 D __u_boot_cmd_cp
33fb8454 D __u_boot_cmd_cmp
33fb8470 D __u_boot_cmd_crc32
33fb848c D __u_boot_cmd_base
33fb84a8 D __u_boot_cmd_loop
33fb84c4 D __u_boot_cmd_mtest
33fb84e0 D __u_boot_cmd_sleep
33fb84fc D __u_boot_cmd_mmc
33fb8518 D __u_boot_cmd_nand
33fb8534 D __u_boot_cmd_nboot
33fb8550 D __u_boot_cmd_bootp
33fb856c D __u_boot_cmd_tftpboot
33fb8588 D __u_boot_cmd_rarpboot
33fb85a4 D __u_boot_cmd_dhcp
33fb85c0 D __u_boot_cmd_nfs
33fb85dc D __u_boot_cmd_ping
33fb85f8 D __u_boot_cmd_saveenv
33fb8614 D __u_boot_cmd_editenv
33fb8630 D __u_boot_cmd_printenv
33fb864c D __u_boot_cmd_setenv
33fb8668 D __u_boot_cmd_askenv
33fb8684 D __u_boot_cmd_run
33fb86a0 D __u_boot_cmd_reginfo
33fb86bc D __u_boot_cmd_source
33fb86d8 D __u_boot_cmd_test
33fb86f4 D __u_boot_cmd_false
33fb8710 D __u_boot_cmd_true
33fb872c D __u_boot_cmd_usb
33fb8748 D __u_boot_cmd_usbboot
33fb8764 D __u_boot_cmd_usbslave
33fb8780 D __u_boot_cmd_version
33fb879c D __u_boot_cmd_imxtract
33fb87b8 D __u_boot_cmd_showvar
33fb87d4 A __bss_start
33fb87d4 A __u_boot_cmd_end
33fb8800 B monitor_flash_len
33fb8804 b eth_current
33fb8808 b eth_devices
33fb880c b act.3325
33fb8810 b env_changed_id.3326
33fb8814 b first_failed.3298
33fb8818 B NetState
33fb881c b packetHandler
33fb8820 b timeHandler
33fb8824 b timeStart
33fb8828 b timeDelta
33fb882c B NetIPID
33fb8830 B NetOurIP
33fb8834 B NetOurEther
33fb883c B NetPingIP
33fb8840 B NetRxPacket
33fb8844 B NetRxPacketLen
33fb8848 B NetArpWaitPacketIP
33fb884c B NetArpWaitPacketMAC
33fb8850 B NetArpWaitReplyIP
33fb8854 B NetArpWaitTxPacket
33fb8858 B NetArpWaitTxPacketSize
33fb885c B NetServerIP
33fb8860 B NetServerEther
33fb8868 B NetTxPacket
33fb886c B NetOurSubnetMask
33fb8870 B NetOurGatewayIP
33fb8874 b mac.3379
33fb887c B NetEtherNullAddr
33fb8882 b PingSeqNo
33fb8884 B NetArpWaitTry
33fb8888 B NetArpWaitTimerStart
33fb888c b NetTryCount
33fb8890 b NetRestarted
33fb8894 B NetRestartWrap
33fb8898 b NetDevExists
33fb889c B PktBuf
33fba6bc B NetRxPackets
33fba6cc B NetArpWaitPacketBuf
33fbacec b env_changed_id.3178
33fbacf0 B NetBootFileXferSize
33fbacf4 B NetOurDNSIP
33fbacf8 B NetOurNISDomain
33fbad18 B NetOurHostName
33fbad38 B NetOurRootPath
33fbad78 B NetBootFileSize
33fbad7c B BootFile
33fbadfc b rpc_id
33fbae00 b NfsSrvMountPort
33fbae04 b NfsSrvNfsPort
33fbae08 b fs_mounted
33fbae0c b dirfh
33fbae2c b filefh
33fbae4c b NfsServerIP
33fbae50 b NfsOurPort
33fbae54 b NfsState
33fbae58 b nfs_path
33fbae5c b nfs_filename
33fbae60 b nfs_len
33fbae64 b NfsDownloadState
33fbae68 b nfs_path_buff
33fbb668 b default_filename
33fbb6a8 b NfsTimeoutCount
33fbb6ac B RarpTry
33fbb6b0 b TftpState
33fbb6b4 b tftp_filename
33fbb734 b TftpBlock
33fbb738 b TftpServerIP
33fbb73c b TftpServerPort
33fbb740 b TftpOurPort
33fbb744 b default_filename
33fbb754 b TftpTimeoutCount
33fbb758 b TftpBlockWrap
33fbb75c b TftpBlockWrapOffset
33fbb760 b TftpLastBlock
33fbb764 B dhcp_leasetime
33fbb768 B NetDHCPServerIP
33fbb76c B BootpID
33fbb770 B dhcp_state
33fbb774 B BootpTry
33fbb778 B nand_info
33fbb830 b nand_chip
33fbb948 B isUsbdSetConfiguration
33fbb94c B download_run
33fbb950 B dwUSBBufBase
33fbb954 B dwUSBBufReadPtr
33fbb958 B dwUSBBufWritePtr
33fbb95c B bDMAPending
33fbb960 B tempDownloadAddress
33fbb964 B downloadAddress
33fbb968 B downPt
33fbb96c B downloadFileSize
33fbb970 B dwWillDMACnt
33fbb974 B totalDmaCount
33fbb978 B restart
33fbb97c B err
33fbb980 B menuUsed
33fbb984 B run
33fbb988 B checkSum
33fbb98c B dwUSBBufSize
33fbb990 B consoleNum
33fbb994 b intCount
33fbb998 B g_TimerIntHappen
33fbb99c B isr_handle_array
33fbba64 B dbgStrWrPt
33fbba68 B dbgStrFifo
33fbca68 B dbgStrRdPt
33fbca6c B ep3Buf
33fbca8c B descDev
33fbcaa0 B descConf
33fbcaac B descIf
33fbcab8 B descEndpt0
33fbcac0 B descEndpt1
33fbcac8 B ep0State
33fbcacc B descSetup
33fbcad4 b ep0SubState.3672
33fbcad8 B ConfigSet
33fbcad9 B Rwuen
33fbcadc B StatusGet
33fbcae4 B InterfaceGet
33fbcae8 B ep0SubState
33fbcaec B AlterSetting
33fbcaed B device_status
33fbcaee B interface_status
33fbcaef B endpoint0_status
33fbcaf0 B endpoint1_status
33fbcaf1 B endpoint3_status
33fbcaf4 B transferIndex
33fbcaf8 B ep1Buf
33fbcb18 b images
33fbcba4 b i2c_mm_last_chip
33fbcba8 b i2c_mm_last_addr
33fbcbac b i2c_mm_last_alen
33fbcbb0 b i2c_dp_last_chip
33fbcbb4 b i2c_dp_last_addr
33fbcbb8 b i2c_dp_last_alen
33fbcbbc b initialized.4260
33fbcbc0 B current_mtd_dev
33fbcbc4 B current_mtd_partnum
33fbcbc8 b os_data_state
33fbcbcc b os_data_addr
33fbcbd0 b bin_start_address
33fbcbd4 b k_data_escape
33fbcbd8 B os_data_init
33fbcbdc b k_data_escape_saved
33fbcbe0 b os_data_state_saved
33fbcbe4 b os_data_addr_saved
33fbcbe8 B os_data_char
33fbcbec B his_quote
33fbcbf0 B his_pad_count
33fbcbf4 B his_pad_char
33fbcbf5 B his_eol
33fbcbf8 B send_ptr
33fbcbfc B send_parms
33fbcc10 b a_b
33fbcc28 b base_address
33fbcc2c B mm_last_addr
33fbcc30 B mm_last_size
33fbcc34 B dp_last_addr
33fbcc38 B dp_last_size
33fbcc3c B g_dwDownloadLen
33fbcc40 b tmp_buf.3148
33fbce40 b tmp_buf
33fbcf40 b ctrlc_disabled
33fbcf44 b ctrlc_was_pressed
33fbcf48 B mem_malloc_brk
33fbcf4c B mem_malloc_start
33fbcf50 B mem_malloc_end
33fbcf54 b current_mallinfo
33fbcf7c b top_pad
33fbcf80 b max_sbrked_mem
33fbcf84 b max_total_mem
33fbcf88 b n_mmaps_max
33fbcf8c B env_ptr
33fbcf90 b local.3331
33fbcfa8 b map
33fbd0a8 b top_vars
33fbd0ac b flag_repeat
33fbd0b0 b do_repeat
33fbd0b4 b the_command.3360
33fbd1b4 b buf.4043
33fbd1dc B last_return_code
33fbd1e0 b ifs
33fbd1e4 B nesting_level
33fbd1e8 b filesize_aligned_str.3561
33fbd1f4 b initted.3394
33fbd1f8 b hist_max
33fbd1fc b hist_add_idx
33fbd200 B hist_num
33fbd204 B hist_lines
33fbe604 B hist_list
33fbe654 B console_buffer
33fbe754 b devs
33fbe790 B stdio_devices
33fbe79c b asynch_allowed
33fbe7a0 b usb_dev
33fc90a0 b usb_hub_index
33fc90a4 b hub_dev
33fc91a4 b dev_index
33fc91a8 B usb_started
33fc91ac b setup_packet
33fc91b4 b running
33fc91b8 b usb_dev_desc
33fc93d4 b CBWTag
33fc93d8 b usb_max_devs
33fc93dc b usb_ccb
33fc946c b usb_stor_buf
33fc966c b usb_stor
33fc9770 b xyz
33fc9bac B flash_info
33fc9c58 B ___strtok
33fc9c5c b lastdec
33fc9c60 b timestamp
33fc9c64 B timer_load_val
33fc9c68 b timer_clk
33fc9d00 b gohci
33fc9dc8 B urb_priv
33fc9e9c B phcca
33fc9f00 B ghcca
33fca000 B ohci_dev
33fca1a0 B gtd
33fcb1e0 B ptd
33fcb1e4 b ohci_inited
33fcb1e8 B urb_finished
33fcb1ec B devgone
33fcb1f0 B got_rhsc
33fcb200 b mmc_dev
33fcb26c b resp.3968
33fcb280 b sdi
33fcb288 b mmc_csd
33fcb2a0 b mmc_ready
33fcb2a4 b wide
33fcb2a8 b mmc_buf
33fcb4a8 b params
33fcb4ac b part_offset
33fcb4b0 b cur_dev
33fcb4b4 B get_vfatname_block
33fdb4b4 B do_fat_read_block
33feb4b4 B get_dentfromdir_block
33ffb4b4 b current_part
33ffb4b8 b nand_cache
33ffb4bc b dm9000_info
33ffb59c A _end
