Archive member included because of file (symbol)

lib_arm/libarm.a(board.o)     cpu/arm920t/start.o (start_armboot)
lib_arm/libarm.a(interrupts.o)
                              lib_arm/libarm.a(board.o) (enable_interrupts)
net/libnet.a(eth.o)           lib_arm/libarm.a(board.o) (eth_initialize)
net/libnet.a(net.o)           lib_arm/libarm.a(board.o) (copy_filename)
net/libnet.a(nfs.o)           net/libnet.a(net.o) (NfsStart)
net/libnet.a(rarp.o)          net/libnet.a(net.o) (RarpRequest)
net/libnet.a(tftp.o)          net/libnet.a(net.o) (TftpStart)
net/libnet.a(bootp.o)         net/libnet.a(net.o) (BootpRequest)
drivers/i2c/libi2c.a(s3c24x0_i2c.o)
                              lib_arm/libarm.a(board.o) (i2c_init)
drivers/mtd/nand/libnand.a(nand.o)
                              lib_arm/libarm.a(board.o) (nand_init)
drivers/mtd/nand/libnand.a(nand_base.o)
                              drivers/mtd/nand/libnand.a(nand.o) (nand_scan)
drivers/mtd/nand/libnand.a(nand_bbt.o)
                              drivers/mtd/nand/libnand.a(nand_base.o) (nand_isbad_bbt)
drivers/mtd/nand/libnand.a(nand_ecc.o)
                              drivers/mtd/nand/libnand.a(nand_base.o) (nand_calculate_ecc)
drivers/mtd/nand/libnand.a(nand_ids.o)
                              drivers/mtd/nand/libnand.a(nand_base.o) (nand_flash_ids)
drivers/mtd/nand/libnand.a(s3c2410_nand.o)
                              drivers/mtd/nand/libnand.a(nand.o) (board_nand_init)
drivers/serial/libserial.a(serial_s3c24x0.o)
                              lib_arm/libarm.a(board.o) (serial_init)
drivers/usb/slave/libusb_slave.a(usbinit.o)
                              lib_arm/libarm.a(board.o) (usb_init_slave)
drivers/usb/slave/libusb_slave.a(interrupt.o)
                              drivers/usb/slave/libusb_slave.a(usbinit.o) (Timer_InitEx)
drivers/usb/slave/libusb_slave.a(usblib.o)
                              drivers/usb/slave/libusb_slave.a(usbinit.o) (ConfigEp3DmaMode)
drivers/usb/slave/libusb_slave.a(usbmain.o)
                              drivers/usb/slave/libusb_slave.a(interrupt.o) (IsrUsbd)
drivers/usb/slave/libusb_slave.a(usbout.o)
                              drivers/usb/slave/libusb_slave.a(usbinit.o) (ClearEp3OutPktReady)
drivers/usb/slave/libusb_slave.a(usbsetup.o)
                              drivers/usb/slave/libusb_slave.a(usbmain.o) (InitDescriptorTable)
drivers/usb/slave/libusb_slave.a(usbin.o)
                              drivers/usb/slave/libusb_slave.a(usbmain.o) (PrepareEp1Fifo)
common/libcommon.a(cmd_bdinfo.o)
                              (__u_boot_cmd_bdinfo)
common/libcommon.a(cmd_boot.o)
                              (__u_boot_cmd_go)
common/libcommon.a(cmd_bootm.o)
                              lib_arm/libarm.a(board.o) (load_addr)
common/libcommon.a(cmd_cache.o)
                              (__u_boot_cmd_icache)
common/libcommon.a(cmd_console.o)
                              (__u_boot_cmd_coninfo)
common/libcommon.a(cmd_date.o)
                              (__u_boot_cmd_date)
common/libcommon.a(cmd_echo.o)
                              (__u_boot_cmd_echo)
common/libcommon.a(cmd_eeprom.o)
                              (__u_boot_cmd_eeprom)
common/libcommon.a(cmd_elf.o)
                              common/libcommon.a(cmd_bootm.o) (do_bootvx)
common/libcommon.a(cmd_exit.o)
                              (__u_boot_cmd_exit)
common/libcommon.a(cmd_fat.o)
                              (__u_boot_cmd_fatload)
common/libcommon.a(cmd_flash.o)
                              (__u_boot_cmd_flinfo)
common/libcommon.a(cmd_help.o)
                              (__u_boot_cmd_help)
common/libcommon.a(cmd_i2c.o)
                              (__u_boot_cmd_i2c)
common/libcommon.a(cmd_itest.o)
                              (__u_boot_cmd_itest)
common/libcommon.a(cmd_jffs2.o)
                              (__u_boot_cmd_fsload)
common/libcommon.a(cmd_load.o)
                              (__u_boot_cmd_loads)
common/libcommon.a(cmd_mem.o)
                              (__u_boot_cmd_md)
common/libcommon.a(cmd_misc.o)
                              (__u_boot_cmd_sleep)
common/libcommon.a(cmd_mmc.o)
                              (__u_boot_cmd_mmc)
common/libcommon.a(cmd_nand.o)
                              (__u_boot_cmd_nand)
common/libcommon.a(cmd_net.o)
                              (__u_boot_cmd_bootp)
common/libcommon.a(cmd_nvedit.o)
                              net/libnet.a(eth.o) (get_env_id)
common/libcommon.a(cmd_reginfo.o)
                              (__u_boot_cmd_reginfo)
common/libcommon.a(cmd_source.o)
                              (__u_boot_cmd_source)
common/libcommon.a(cmd_test.o)
                              (__u_boot_cmd_test)
common/libcommon.a(cmd_usb.o)
                              (__u_boot_cmd_usb)
common/libcommon.a(cmd_usbslave.o)
                              (__u_boot_cmd_usbslave)
common/libcommon.a(cmd_version.o)
                              (__u_boot_cmd_version)
common/libcommon.a(cmd_ximg.o)
[...]
Memory Configuration

Name             Origin             Length             Attributes
*default*        0x00000000         0xffffffff

Linker script and memory map

                0x00000000                . = 0x0
                0x00000000                . = ALIGN (0x4)

.text           0x33f80000    0x2ccec
 cpu/arm920t/start.o(.text)
 .text          0x33f80000      0x4e0 cpu/arm920t/start.o
                0x33f80000                _start
                0x33f80044                _armboot_start
                0x33f80048                _bss_start
                0x33f8004c                _bss_end
                0x33f80050                IRQ_STACK_START
                0x33f80054                FIQ_STACK_START
 board/tekkamanninja/mini2440/lowlevel_init.o(.text)
 .text          0x33f804e0       0x70 board/tekkamanninja/mini2440/lowlevel_init.o
                0x33f804e4                lowlevel_init
 board/tekkamanninja/mini2440/nand_read.o(.text)
 .text          0x33f80550      0x2f0 board/tekkamanninja/mini2440/nand_read.o
                0x33f80620                nand_read_ll
 *(.text)
 .text          0x33f80840      0x2a8 lib_arm/libarm.a(board.o)
                0x33f80840                hang
                0x33f8095c                start_armboot
 .text          0x33f80ae8      0x294 lib_arm/libarm.a(interrupts.o)
                0x33f80ae8                enable_interrupts
                0x33f80af8                disable_interrupts
                0x33f80b14                show_regs
                0x33f80c54                bad_mode
                0x33f80c70                do_fiq
                0x33f80c94                do_not_used
                0x33f80cb8                do_data_abort
                0x33f80cdc                do_prefetch_abort
                0x33f80d00                do_software_interrupt
                0x33f80d24                do_undefined_instruction
                0x33f80d48                interrupt_init
 .text          0x33f80d7c      0x75c net/libnet.a(eth.o)
                0x33f80d7c                cpu_eth_init
                0x33f80d84                eth_get_dev
                0x33f80d94                eth_get_dev_by_index
                0x33f80dd8                eth_get_dev_index
                0x33f80e24                eth_halt
                0x33f80e58                eth_send
                0x33f80e8c                eth_rx
                0x33f80eb8                eth_get_name
                0x33f80ed8                eth_get_dev_by_name
                0x33f80f28                eth_set_current
                0x33f80fc8                eth_try_another
                0x33f81078                eth_register
                0x33f81104                eth_setenv_enetaddr
                0x33f8113c                eth_parse_enetaddr
                0x33f8119c                eth_getenv_enetaddr
                0x33f811f4                eth_getenv_enetaddr_by_index
                0x33f81240                eth_init
                0x33f81300                eth_initialize
 .text          0x33f814d8     0x147c net/libnet.a(net.o)
                0x33f814f0                NetSetHandler
                0x33f81500                NetCksumOk
                0x33f81558                NetCksum
                0x33f815a0                copy_filename
                0x33f815f8                string_to_VLAN
                0x33f8164c                getenv_VLAN
                0x33f8165c                NetEthHdrSize
                0x33f816a0                VLAN_to_string
                0x33f816ec                ip_to_string
                0x33f8173c                random_port
                0x33f81758                NetSetTimeout
                0x33f81790                NetSetIP
                0x33f818b0                NetSetEther
                0x33f81998                NetSendPacket
                0x33f8199c                NetReceive
                0x33f81fb0                ArpRequest
                0x33f820b4                PingSend
                0x33f82264                NetSendUDPPacket
                0x33f823c0                NetStartAgain
                0x33f824c8                ArpTimeoutCheck
                0x33f8254c                NetLoop
 .text          0x33f82954      0xfd4 net/libnet.a(nfs.o)
                0x33f83228                NfsStart
 .text          0x33f83928      0x1a0 net/libnet.a(rarp.o)
                0x33f83928                RarpRequest
 .text          0x33f83ac8      0x7c8 net/libnet.a(tftp.o)
                0x33f83c68                TftpStart
 .text          0x33f84290      0x9cc net/libnet.a(bootp.o)
                0x33f84a44                BootpRequest
                0x33f84c10                DhcpRequest
 .text          0x33f84c5c      0x678 drivers/i2c/libi2c.a(s3c24x0_i2c.o)
                0x33f84fc0                i2c_write
                0x33f85060                i2c_read
                0x33f85108                i2c_probe
                0x33f85144                i2c_init
 .text          0x33f852d4       0xb8 drivers/mtd/nand/libnand.a(nand.o)
                0x33f852d4                nand_init
 .text          0x33f8538c     0x3c9c drivers/mtd/nand/libnand.a(nand_base.o)
                0x33f8668c                nand_release
                0x33f866d4                nand_scan_tail
                0x33f86ed4                nand_scan_ident
                0x33f87480                nand_scan
                0x33f87f6c                nand_erase_nand
                0x33f88430                nand_wait_ready
 .text          0x33f89028     0x1890 drivers/mtd/nand/libnand.a(nand_bbt.o)
                0x33f89070                nand_isbad_bbt
                0x33f8a0a8                nand_update_bbt
                0x33f8a37c                nand_scan_bbt
                0x33f8a7f4                nand_default_bbt
 .text          0x33f8a8b8      0x214 drivers/mtd/nand/libnand.a(nand_ecc.o)
                0x33f8a8b8                nand_calculate_ecc
                0x33f8a9ac                nand_correct_data
 .text          0x33f8aacc        0x0 drivers/mtd/nand/libnand.a(nand_ids.o)
 .text          0x33f8aacc       0xfc drivers/mtd/nand/libnand.a(s3c2410_nand.o)
                0x33f8ab54                board_nand_init
 .text          0x33f8abc8      0x154 drivers/serial/libserial.a(serial_s3c24x0.o)
                0x33f8abc8                _serial_getc
                0x33f8abe8                serial_getc
                0x33f8ac0c                serial_putc
                0x33f8ac14                _serial_putc
                0x33f8ac40                _serial_tstc
                0x33f8ac54                serial_tstc
                0x33f8ac68                _serial_puts
                0x33f8ac98                serial_puts
                0x33f8aca0                _serial_setbrg
                0x33f8accc                serial_init
                0x33f8ad14                serial_setbrg
 .text          0x33f8ad1c      0x3ac drivers/usb/slave/libusb_slave.a(usbinit.o)
                0x33f8ad1c                udc_disconnect
                0x33f8ad34                HaltDabort
                0x33f8ad48                HaltPabort
                0x33f8ad5c                HaltSwi
                0x33f8ad70                HaltUndef
                0x33f8ad84                usb_init_slave
                0x33f8adf8                awaitkey
                0x33f8ae68                usb_receive
 .text          0x33f8b0c8      0x2ec drivers/usb/slave/libusb_slave.a(interrupt.o)
                0x33f8b0c8                ClearPending_my
                0x33f8b0dc                Timer_InitEx
                0x33f8b13c                IsrWatchdog
                0x33f8b178                IsrTimer4
                0x33f8b1a0                Isr_Init
                0x33f8b248                IRQ_Handle
                0x33f8b2a4                Dummy_isr
                0x33f8b2cc                Timer_StopEx
                0x33f8b350                Timer_StartEx
 .text          0x33f8b3b4      0x368 drivers/usb/slave/libusb_slave.a(usblib.o)
                0x33f8b3b4                ReconfigUsbd
                0x33f8b4d8                ConfigUsbd
                0x33f8b4f8                RdPktEp0
                0x33f8b520                WrPktEp0
                0x33f8b548                WrPktEp1
                0x33f8b570                WrPktEp2
                0x33f8b598                RdPktEp3
                0x33f8b5c0                RdPktEp4
                0x33f8b5e8                ConfigEp3DmaMode
                0x33f8b6c8                ConfigEp3IntMode
 .text          0x33f8b71c      0x12c drivers/usb/slave/libusb_slave.a(usbmain.o)
                0x33f8b71c                _WrDbgStrFifo
                0x33f8b74c                DbgPrintf
                0x33f8b758                IsrUsbd
                0x33f8b834                UsbdMain
 .text          0x33f8b848      0x3c4 drivers/usb/slave/libusb_slave.a(usbout.o)
                0x33f8b848                ClearEp3OutPktReady
                0x33f8b870                IsrDma2
                0x33f8b9f8                Ep3Handler
 .text          0x33f8bc0c      0x9e8 drivers/usb/slave/libusb_slave.a(usbsetup.o)
                0x33f8bc0c                InitDescriptorTable
                0x33f8bd30                Ep0Handler
 .text          0x33f8c5f4       0xb4 drivers/usb/slave/libusb_slave.a(usbin.o)
                0x33f8c5f4                PrepareEp1Fifo
                0x33f8c664                Ep1Handler
 .text          0x33f8c6a8       0xf0 common/libcommon.a(cmd_bdinfo.o)
                0x33f8c6a8                do_bdinfo
 .text          0x33f8c798       0x94 common/libcommon.a(cmd_boot.o)
                0x33f8c798                do_go_exec
                0x33f8c7b4                do_go
 .text          0x33f8c82c      0xdf8 common/libcommon.a(cmd_bootm.o)
                0x33f8c82c                arch_preboot_os
                0x33f8c82c                __arch_preboot_os
                0x33f8c9c8                do_iminfo
                0x33f8ca28                do_bootd
                0x33f8d18c                do_bootm_subcommand
                0x33f8d344                do_bootm
 .text          0x33f8d624      0x12c common/libcommon.a(cmd_cache.o)
                0x33f8d660                do_dcache
                0x33f8d6d8                do_icache
 .text          0x33f8d750       0xd4 common/libcommon.a(cmd_console.o)
                0x33f8d750                do_coninfo
 .text          0x33f8d824      0x3a8 common/libcommon.a(cmd_date.o)
                0x33f8d824                mk_date
                0x33f8daac                do_date
 .text          0x33f8dbcc       0x80 common/libcommon.a(cmd_echo.o)
                0x33f8dbcc                do_echo
 .text          0x33f8dc4c      0x21c common/libcommon.a(cmd_eeprom.o)
                0x33f8dc4c                eeprom_init
                0x33f8dc5c                eeprom_probe
                0x33f8dc68                eeprom_write
                0x33f8dce0                eeprom_read
                0x33f8dd54                do_eeprom
 .text          0x33f8de68      0x450 common/libcommon.a(cmd_elf.o)
                0x33f8de68                load_elf_image
                0x33f8df00                valid_elf_image
                0x33f8df54                do_bootvx
                0x33f8e1e0                do_bootelf_exec
                0x33f8e220                do_bootelf
 .text          0x33f8e2b8       0x30 common/libcommon.a(cmd_exit.o)
                0x33f8e2b8                do_exit
 .text          0x33f8e2e8      0x360 common/libcommon.a(cmd_fat.o)
                0x33f8e2e8                do_fat_fsinfo
                0x33f8e3c0                do_fat_ls
                0x33f8e4c4                do_fat_fsload
 .text          0x33f8e648      0xb28 common/libcommon.a(cmd_flash.o)
                0x33f8e648                flash_sect_roundb
                0x33f8e8e4                flash_sect_protect
                0x33f8ebe4                do_protect
                0x33f8ee80                flash_sect_erase
                0x33f8ef60                do_flerase
                0x33f8f0f4                do_flinfo
 .text          0x33f8f170       0x48 common/libcommon.a(cmd_help.o)
                0x33f8f170                do_help
 .text          0x33f8f1b8      0xaa0 common/libcommon.a(cmd_i2c.o)
                0x33f8f1b8                __def_i2c_get_bus_speed
                0x33f8f1b8                i2c_get_bus_speed
                0x33f8f1c4                __def_i2c_set_bus_speed
                0x33f8f1c4                i2c_set_bus_speed
                0x33f8f1dc                do_i2c_bus_speed
                0x33f8f498                do_i2c_loop
                0x33f8f5a8                do_i2c_mw
                0x33f8f6d0                do_i2c_probe
                0x33f8f71c                do_i2c_md
                0x33f8f8fc                do_i2c_crc
                0x33f8fa48                do_i2c
 .text          0x33f8fc58      0x310 common/libcommon.a(cmd_itest.o)
                0x33f8fcc4                binary_test
                0x33f8fecc                do_itest
 .text          0x33f8ff68      0x618 common/libcommon.a(cmd_jffs2.o)
                0x33f8fffc                mtdparts_init
                0x33f90394                do_jffs2_fsinfo
                0x33f903f0                do_jffs2_ls
                0x33f90448                do_jffs2_fsload
 .text          0x33f90580      0xf6c common/libcommon.a(cmd_load.o)
                0x33f90580                ktrans
                0x33f905a0                chk1
                0x33f90608                k_data_init
                0x33f90628                k_data_save
                0x33f9064c                k_data_restore
                0x33f90670                k_data_char
                0x33f906e8                send_pad
                0x33f90718                s1_sendpacket
                0x33f90744                handle_send_packet
                0x33f90940                send_nack
                0x33f909b8                send_ack
                0x33f90cb8                do_load_serial_bin
                0x33f91410                do_load_serial
 .text          0x33f914ec      0xa24 common/libcommon.a(cmd_mem.o)
                0x33f914ec                do_mem_crc
                0x33f91598                do_mem_base
                0x33f915dc                do_mem_mtest
                0x33f91784                do_mem_loop
                0x33f9187c                do_mem_cmp
                0x33f91a0c                do_mem_mw
                0x33f91ac8                do_mem_cp
                0x33f91dfc                do_mem_nm
                0x33f91e1c                do_mem_mm
                0x33f91e3c                do_mem_md
 .text          0x33f91f10       0x84 common/libcommon.a(cmd_misc.o)
                0x33f91f10                do_sleep
 .text          0x33f91f94      0x13c common/libcommon.a(cmd_mmc.o)
                0x33f91f94                do_mmc
 .text          0x33f920d0      0xf30 common/libcommon.a(cmd_nand.o)
                0x33f92268                do_nandboot
                0x33f927d8                do_nand
 .text          0x33f93000      0x3b8 common/libcommon.a(cmd_net.o)
                0x33f93000                do_ping
                0x33f9337c                do_nfs
                0x33f93388                do_dhcp
                0x33f93394                do_rarpb
                0x33f933a0                do_tftpb
                0x33f933ac                do_bootp
 .text          0x33f933b8      0x98c common/libcommon.a(cmd_nvedit.o)
                0x33f933b8                get_env_id
                0x33f933c8                envmatch
                0x33f93428                getenv_r
                0x33f934d0                do_saveenv
                0x33f934fc                getenv
                0x33f9356c                _do_setenv
                0x33f93998                do_askenv
                0x33f93afc                do_setenv
                0x33f93b28                setenv
                0x33f93b74                do_editenv
                0x33f93cb4                do_printenv
 .text          0x33f93d44        0x8 common/libcommon.a(cmd_reginfo.o)
                0x33f93d44                do_reginfo
 .text          0x33f93d4c      0x198 common/libcommon.a(cmd_source.o)
                0x33f93d4c                source
                0x33f93e9c                do_source
 .text          0x33f93ee4      0x478 common/libcommon.a(cmd_test.o)
                0x33f93ee4                do_false
                0x33f93eec                do_true
                0x33f93ef4                do_test
 .text          0x33f9435c     0x1124 common/libcommon.a(cmd_usb.o)
                0x33f9435c                usb_get_class_desc
                0x33f943fc                usb_display_ep_desc
                0x33f944b8                usb_display_class_sub
                0x33f94634                do_usbboot
                0x33f949d4                usb_show_tree_graph
                0x33f94bf4                usb_show_tree
                0x33f94c28                usb_display_desc
                0x33f94d58                usb_display_string
                0x33f94d94                usb_display_if_desc
                0x33f94e1c                usb_display_conf_desc
                0x33f94ec8                usb_display_config
                0x33f94f54                do_usb
 .text          0x33f95480      0x14c common/libcommon.a(cmd_usbslave.o)
                0x33f95480                do_usbslave
 .text          0x33f955cc       0x20 common/libcommon.a(cmd_version.o)
                0x33f955cc                do_version
 .text          0x33f955ec      0x2dc common/libcommon.a(cmd_ximg.o)
                0x33f955ec                do_imgextract
 .text          0x33f958c8      0x844 common/libcommon.a(command.o)
                0x33f958c8                cmd_get_data_size
                0x33f95918                cmd_usage
                0x33f95978                var_complete
                0x33f959f8                find_cmd_tbl
                0x33f95a8c                find_cmd
                0x33f95ab4                install_auto_complete
                0x33f95b08                _do_help
                0x33f95c80                cmd_auto_complete
 .text          0x33f9610c      0x548 common/libcommon.a(console.o)
                0x33f961b0                fgetc
                0x33f961d8                ftstc
                0x33f96200                fputc
                0x33f9622c                fputs
                0x33f96258                disable_ctrlc
                0x33f96270                had_ctrlc
                0x33f96280                clear_ctrlc
                0x33f96294                dbg
                0x33f962a0                console_init_f
                0x33f962b0                search_device
                0x33f962d8                console_assign
                0x33f96318                fprintf
                0x33f96360                puts
                0x33f9637c                vprintf
                0x33f963a8                printf
                0x33f963e8                stdio_print_current_devices
                0x33f964a0                console_init_r
                0x33f9657c                serial_printf
                0x33f965bc                putc
                0x33f965d8                tstc
                0x33f965f0                getc
                0x33f96608                ctrlc
 .text          0x33f96654     0x10f8 common/libcommon.a(dlmalloc.o)
                0x33f96654                sbrk
                0x33f9668c                malloc_trim
                0x33f9679c                free
                0x33f969c0                cfree
                0x33f969c4                malloc
                0x33f96fec                memalign
                0x33f970fc                pvalloc
                0x33f97114                valloc
                0x33f97120                malloc_usable_size
                0x33f97164                mallopt
                0x33f971dc                calloc
                0x33f972bc                mem_malloc_init
                0x33f972e4                realloc
 .text          0x33f9774c      0x29c common/libcommon.a(env_common.o)
                0x33f9774c                env_get_char_memory
                0x33f97770                env_get_addr
                0x33f97794                env_get_char
                0x33f977dc                env_complete
                0x33f9791c                env_crc_update
                0x33f97948                set_default_env
                0x33f97990                env_relocate
 .text          0x33f979e8      0x294 common/libcommon.a(env_nand.o)
                0x33f979e8                env_get_char_spec
                0x33f979f4                env_init
                0x33f97a10                writeenv
                0x33f97ac4                readenv
                0x33f97b90                env_relocate_spec
                0x33f97bdc                saveenv
 .text          0x33f97c7c      0x1f4 common/libcommon.a(exports.o)
                0x33f97c80                get_version
                0x33f97c88                jumptable_init
 .text          0x33f97e70      0x3c0 common/libcommon.a(flash.o)
                0x33f97e70                flash_protect
                0x33f97f64                addr2info
                0x33f97fac                flash_perror
                0x33f98070                flash_write
 .text          0x33f98230     0x1e2c common/libcommon.a(hush.o)
                0x33f98230                simple_itoa
                0x33f982b8                mapset
                0x33f982e4                do_showvar
                0x33f983d0                u_boot_hush_start
                0x33f98440                new_pipe
                0x33f986f8                unset_local_var
                0x33f988bc                reserved_word
                0x33f98e2c                set_local_var
                0x33f98fdc                update_ifs_map
                0x33f996e4                parse_file_outer
                0x33f99728                parse_string_outer
 .text          0x33f9a05c      0x970 common/libcommon.a(image.o)
                0x33f9a05c                image_multi_count
                0x33f9a080                get_table_entry_name
                0x33f9a0ac                genimg_get_os_name
                0x33f9a0e4                genimg_get_arch_name
                0x33f9a11c                genimg_get_type_name
                0x33f9a154                genimg_get_comp_name
                0x33f9a18c                genimg_get_image
                0x33f9a190                genimg_has_config
                0x33f9a198                get_table_entry_id
                0x33f9a1e4                genimg_get_comp_id
                0x33f9a1fc                genimg_get_type_id
                0x33f9a214                genimg_get_arch_id
                0x33f9a22c                genimg_get_os_id
                0x33f9a244                genimg_get_format
                0x33f9a298                image_multi_getimg
                0x33f9a340                genimg_print_size
                0x33f9a36c                memmove_wd
                0x33f9a370                getenv_bootm_low
                0x33f9a3a4                getenv_yesno
                0x33f9a3c8                getenv_bootm_size
                0x33f9a3fc                image_print_contents
                0x33f9a6a4                image_check_dcrc
                0x33f9a6f0                image_check_hcrc
                0x33f9a758                boot_get_ramdisk
 .text          0x33f9a9cc     0x1390 common/libcommon.a(main.o)
                0x33f9a9cc                __show_boot_progress
                0x33f9a9cc                show_boot_progress
                0x33f9a9d0                parse_line
                0x33f9aa5c                do_run
                0x33f9aacc                run_command
                0x33f9af14                FriendlyARMMenu
                0x33f9b32c                readline_into_buffer
                0x33f9bc44                readline
                0x33f9bc60                main_loop
 .text          0x33f9bd5c      0x2f4 common/libcommon.a(s_record.o)
                0x33f9bddc                srec_decode
 .text          0x33f9c050      0x17c common/libcommon.a(stdio.o)
                0x33f9c050                stdio_get_list
                0x33f9c05c                stdio_clone
                0x33f9c0a4                stdio_register
                0x33f9c0e4                stdio_init
                0x33f9c180                stdio_get_by_name
 .text          0x33f9c1cc     0x1644 common/libcommon.a(usb.o)
                0x33f9c1cc                usb_disable_asynch
                0x33f9c1e4                usb_maxpacket
                0x33f9c278                usb_set_maxpacket
                0x33f9c2dc                usb_get_dev_index
                0x33f9c30c                usb_hub_reset
                0x33f9c320                usb_hub_allocate
                0x33f9c364                usb_alloc_new_device
                0x33f9c404                usb_parse_config
                0x33f9c554                usb_submit_int_msg
                0x33f9c558                usb_stop
                0x33f9c58c                wait_ms
                0x33f9c5b0                usb_bulk_msg
                0x33f9c614                usb_control_msg
                0x33f9c6e4                usb_get_port_status
                0x33f9c744                usb_get_hub_status
                0x33f9c798                usb_set_port_feature
                0x33f9c7f8                usb_clear_port_feature
                0x33f9c858                usb_clear_hub_feature
                0x33f9c8ac                usb_get_hub_descriptor
                0x33f9c90c                usb_get_string
                0x33f9ca88                usb_string
                0x33f9cb88                usb_get_class_descriptor
                0x33f9cbfc                usb_get_report
                0x33f9cc70                usb_set_idle
                0x33f9ccd4                usb_set_protocol
                0x33f9cd34                usb_set_configuration
                0x33f9cda0                usb_set_interface
                0x33f9ce60                usb_set_address
                0x33f9cea4                usb_get_descriptor
                0x33f9cf10                usb_get_configuration_no
                0x33f9cfa8                usb_clear_halt
                0x33f9d13c                usb_hub_port_connect_change
                0x33f9d228                usb_hub_configure
                0x33f9d430                usb_hub_probe
                0x33f9d48c                usb_new_device
                0x33f9d71c                usb_scan_devices
                0x33f9d794                usb_init
 .text          0x33f9d810     0x155c common/libcommon.a(usb_storage.o)
                0x33f9d810                usb_stor_get_dev
                0x33f9d84c                usb_show_progress
                0x33f9d858                usb_storage_probe
                0x33f9da88                usb_stor_BBB_clear_endpt_stall
                0x33f9dca8                usb_stor_CB_comdat
                0x33f9def4                usb_stor_BBB_comdat
                0x33f9dfe0                usb_stor_BBB_transport
                0x33f9e1a8                usb_stor_CBI_get_status
                0x33f9e288                usb_stor_CB_transport
                0x33f9e474                usb_stor_info
                0x33f9e5cc                usb_stor_get_info
                0x33f9e844                usb_stor_scan
                0x33f9e99c                usb_stor_read
                0x33f9eb84                usb_stor_write
 .text          0x33f9ed6c      0x978 common/libcommon.a(xyzModem.o)
                0x33f9ed6c                parse_num
                0x33f9ee98                xyzModem_error
                0x33f9eeb8                xyzModem_stream_close
                0x33f9ef08                CYGACC_COMM_IF_PUTC
                0x33f9ef10                CYGACC_COMM_IF_GETC_TIMEOUT
                0x33f9ef64                xyzModem_stream_terminate
                0x33f9f314                xyzModem_stream_read
                0x33f9f590                xyzModem_stream_open
 .text          0x33f9f6e4      0x1a8 board/tekkamanninja/mini2440/libmini2440.a(mini2440.o)
                0x33f9f6e4                board_video_init
                0x33f9f73c                dram_init
                0x33f9f75c                board_eth_init
                0x33f9f760                board_init
 .text          0x33f9f88c      0x59c board/tekkamanninja/mini2440/libmini2440.a(flash.o)
                0x33f9f92c                write_buff
                0x33f9fa9c                flash_print_info
                0x33f9fbd8                flash_erase
                0x33f9fd80                flash_init
 .text          0x33f9fe28       0x48 lib_generic/libgeneric.a(crc16.o)
                0x33f9fe28                cyg_crc16
 .text          0x33f9fe70      0x104 lib_generic/libgeneric.a(crc32.o)
                0x33f9fe70                crc32_no_comp
                0x33f9ff5c                crc32
                0x33f9ff70                crc32_wd
 .text          0x33f9ff74        0x0 lib_generic/libgeneric.a(ctype.o)
 .text          0x33f9ff74      0x254 lib_generic/libgeneric.a(display_options.o)
                0x33f9ff74                print_size
                0x33fa0038                display_options
                0x33fa0058                print_buffer
 .text          0x33fa01c8      0x1bc lib_generic/libgeneric.a(gunzip.o)
                0x33fa01c8                zunzip
                0x33fa02b8                gunzip
                0x33fa036c                zfree
                0x33fa0374                zalloc
 .text          0x33fa0384       0x7c lib_generic/libgeneric.a(net_utils.o)
                0x33fa0384                string_to_ip
 .text          0x33fa0400      0x6bc lib_generic/libgeneric.a(string.o)
                0x33fa0400                strcpy
                0x33fa041c                strncpy
                0x33fa0444                strcat
                0x33fa0474                strncat
                0x33fa04d0                strcmp
                0x33fa0500                strncmp
                0x33fa0548                strchr
                0x33fa0574                strrchr
                0x33fa05b0                strlen
                0x33fa05d0                strnlen
                0x33fa05f8                strspn
                0x33fa063c                strpbrk
                0x33fa0674                strtok
                0x33fa0740                strsep
                0x33fa07a4                strswab
                0x33fa07ec                memset
                0x33fa0860                bcopy
                0x33fa0888                memcpy
                0x33fa08f4                memmove
                0x33fa0950                memcmp
                0x33fa0988                memscan
                0x33fa09b8                strstr
                0x33fa0a38                memchr
                0x33fa0a64                strdup
 .text          0x33fa0abc       0x30 lib_generic/libgeneric.a(time.o)
                0x33fa0abc                udelay
 .text          0x33fa0aec      0xdf4 lib_generic/libgeneric.a(vsprintf.o)
                0x33fa0aec                simple_strtoul
                0x33fa0b9c                simple_strtol
                0x33fa0bc4                ustrtoul
                0x33fa0c30                simple_strtoull
                0x33fa0de8                panic
                0x33fa1260                vsprintf
                0x33fa18b8                sprintf
 .text          0x33fa18e0     0x27a0 lib_generic/libgeneric.a(zlib.o)
                0x33fa18e0                inflate_fast
                0x33fa1e3c                inflate_table
                0x33fa23e8                inflateReset
                0x33fa2488                inflateInit2_
                0x33fa2588                inflateInit_
                0x33fa2598                inflateEnd
                0x33fa261c                adler32
                0x33fa292c                zcfree
                0x33fa2934                zcalloc
                0x33fa293c                inflate
 .text          0x33fa4080       0xf8 lib_generic/libgeneric.a(div64.o)
                0x33fa4080                __div64_32
 .text          0x33fa4178       0x18 cpu/arm920t/s3c24x0/libs3c24x0.a(interrupts.o)
                0x33fa4178                do_irq
                0x33fa4188                arch_interrupt_init
 .text          0x33fa4190      0x174 cpu/arm920t/s3c24x0/libs3c24x0.a(speed.o)
                0x33fa4214                get_UCLK
                0x33fa421c                get_FCLK
                0x33fa4224                get_HCLK
                0x33fa42d8                get_PCLK
 .text          0x33fa4304      0x388 cpu/arm920t/s3c24x0/libs3c24x0.a(timer.o)
                0x33fa4304                reset_timer
                0x33fa4330                set_timer
                0x33fa4340                __udelay
                0x33fa43f4                reset_timer_masked
                0x33fa4420                get_timer_masked
                0x33fa4488                get_timer
                0x33fa449c                udelay_masked
                0x33fa4580                get_ticks
                0x33fa45d4                get_tbclk
                0x33fa45dc                reset_cpu
                0x33fa4604                timer_init
 .text          0x33fa468c     0x1690 cpu/arm920t/s3c24x0/libs3c24x0.a(usb_ohci.o)
                0x33fa468c                rh_check_port_status
                0x33fa4738                submit_int_msg
                0x33fa47f8                usb_lowlevel_init
                0x33fa4a54                usb_lowlevel_stop
                0x33fa4b14                sohci_submit_job
                0x33fa5104                submit_common_msg
                0x33fa565c                submit_bulk_msg
                0x33fa5674                submit_control_msg
 .text          0x33fa5d1c      0xaa4 cpu/arm920t/s3c24x0/libs3c24x0.a(mmc.o)
                0x33fa5d1c                mmc_get_dev
                0x33fa5d28                mmc_ident
                0x33fa5d30                mmc2info
                0x33fa5e1c                mmc_init
                0x33fa65c0                mmc_read
                0x33fa66c4                mmc_bread
                0x33fa66e8                mmc_write
 .text          0x33fa67c0      0x1cc lib_arm/libarm.a(bootm.o)
                0x33fa67c0                do_bootm_linux
 .text          0x33fa698c        0x4 lib_arm/libarm.a(cache.o)
                0x33fa698c                flush_cache
 .text          0x33fa6990      0x120 lib_arm/libarm.a(cache-cp15.o)
                0x33fa6990                icache_enable
                0x33fa69d0                icache_disable
                0x33fa6a10                icache_status
                0x33fa6a20                dcache_enable
                0x33fa6a60                dcache_disable
                0x33fa6aa0                dcache_status
 .text          0x33fa6ab0       0x30 lib_arm/libarm.a(reset.o)
                0x33fa6ab0                do_reset
 .text          0x33fa6ae0     0x13b0 fs/fat/libfat.a(fat.o)
                0x33fa6ae0                disk_read
                0x33fa71b0                file_fat_detectfs
                0x33fa7310                do_fat_read
                0x33fa7d58                file_fat_read
                0x33fa7d90                file_fat_ls
                0x33fa7da0                fat_register_device
 .text          0x33fa7e90     0x1c80 fs/jffs2/libjffs2.a(jffs2_1pass.o)
                0x33fa7e90                mkmodestr
                0x33fa808c                jffs2_free_cache
                0x33fa8358                jffs2_1pass_rescan_needed
                0x33fa89cc                jffs2_1pass_info
                0x33fa8eb4                jffs2_1pass_load
                0x33fa9ac8                jffs2_1pass_ls
 .text          0x33fa9b10       0xc8 fs/jffs2/libjffs2.a(compr_rtime.o)
                0x33fa9b10                rtime_decompress
 .text          0x33fa9bd8      0x124 fs/jffs2/libjffs2.a(compr_rubin.o)
                0x33fa9bd8                rubin_do_decompress
                0x33fa9cc0                dynrubin_decompress
 .text          0x33fa9cfc       0x18 fs/jffs2/libjffs2.a(compr_zlib.o)
                0x33fa9cfc                zlib_decompress
 .text          0x33fa9d14      0xd50 fs/jffs2/libjffs2.a(mini_inflate.o)
                0x33fa9d14                cramfs_memset
                0x33fa9d38                pull_bits
                0x33fa9d90                pull_bit
                0x33faa194                decompress_block
 .text          0x33faaa64      0x380 disk/libdisk.a(part.o)
                0x33faaa64                dev_print
                0x33faac64                get_partition_info
                0x33faac88                init_part
                0x33faaca4                get_dev
                0x33faad08                print_part
 .text          0x33faade4      0x558 disk/libdisk.a(part_dos.o)
                0x33faade4                test_part_dos
                0x33fab0c4                get_partition_info_dos
                0x33fab310                print_part_dos
 .text          0x33fab33c      0x828 drivers/mtd/nand/libnand.a(nand_util.o)
                0x33fab3d4                nand_read_skip_bad
                0x33fab594                nand_write_skip_bad
                0x33fab838                nand_erase_opts
 .text          0x33fabb64      0x910 drivers/net/libnet.a(dm9000x.o)
                0x33fabd10                dm9000_initialize
 .text          0x33fac474      0x29c drivers/rtc/librtc.a(date.o)
                0x33fac474                GregorianDay
                0x33fac564                to_tm
                0x33fac678                mktime
 .text          0x33fac710      0x2e0 drivers/rtc/librtc.a(s3c24x0_rtc.o)
                0x33fac73c                rtc_get
                0x33fac900                rtc_set
                0x33fac9c8                rtc_reset
 .text          0x33fac9f0       0x20 cpu/arm920t/libarm920t.a(cpu.o)
                0x33fac9f0                cleanup_before_linux
 .text          0x33faca10       0x1c /home/libo/arm/bootloader/u-boot/lib_arm/eabi_compat.o
                0x33faca10                raise
 .text          0x33faca2c      0x114 /home/libo/arm/4.4.3/bin/../lib/gcc/arm-none-linux-gnueabi/4.4.3/libgcc.a(_udivsi3.o)
                0x33faca2c                __udivsi3
                0x33faca2c                __aeabi_uidiv
                0x33facb28                __aeabi_uidivmod
 .text          0x33facb40      0x144 /home/libo/arm/4.4.3/bin/../lib/gcc/arm-none-linux-gnueabi/4.4.3/libgcc.a(_divsi3.o)
                0x33facb40                __aeabi_idiv
                0x33facb40                __divsi3
                0x33facc6c                __aeabi_idivmod
 .text          0x33facc84       0x1c /home/libo/arm/4.4.3/bin/../lib/gcc/arm-none-linux-gnueabi/4.4.3/libgcc.a(_lshrdi3.o)
                0x33facc84                __aeabi_llsr
                0x33facc84                __lshrdi3
 .text          0x33facca0       0x1c /home/libo/arm/4.4.3/bin/../lib/gcc/arm-none-linux-gnueabi/4.4.3/libgcc.a(_ashrdi3.o)
                0x33facca0                __ashrdi3
                0x33facca0                __aeabi_lasr
 .text          0x33faccbc       0x1c /home/libo/arm/4.4.3/bin/../lib/gcc/arm-none-linux-gnueabi/4.4.3/libgcc.a(_ashldi3.o)
                0x33faccbc                __ashldi3
                0x33faccbc                __aeabi_llsl
 .text          0x33faccd8       0x14 /home/libo/arm/4.4.3/bin/../lib/gcc/arm-none-linux-gnueabi/4.4.3/libgcc.a(_dvmd_lnx.o)
                0x33faccd8                __div0

.glue_7         0x33faccec        0x0
 .glue_7        0x00000000        0x0 linker stubs

.glue_7t        0x33faccec        0x0
 .glue_7t       0x00000000        0x0 linker stubs

.vfp11_veneer   0x33faccec        0x0
 .vfp11_veneer  0x00000000        0x0 linker stubs

.v4_bx          0x33faccec        0x0
 .v4_bx         0x00000000        0x0 linker stubs
                0x33faccec                . = ALIGN (0x4)

.rodata         0x33faccec     0x98e2
 *(SORT(.rodata*))
 .rodata        0x33faccec       0x2c lib_arm/libarm.a(board.o)
                0x33faccec                version_string
 .rodata        0x33facd18       0x80 lib_arm/libarm.a(interrupts.o)
 .rodata        0x33facd98        0x8 drivers/mtd/nand/libnand.a(nand.o)
 .rodata        0x33facda0       0x5c drivers/mtd/nand/libnand.a(nand_base.o)
 .rodata        0x33facdfc      0x100 drivers/mtd/nand/libnand.a(nand_ecc.o)
 .rodata        0x33facefc       0x4c drivers/usb/slave/libusb_slave.a(usbsetup.o)
 .rodata        0x33facf48       0x4c common/libcommon.a(cmd_bootm.o)
 .rodata        0x33facf94       0x20 common/libcommon.a(cmd_jffs2.o)
 .rodata        0x33facfb4       0x58 common/libcommon.a(command.o)
 .rodata        0x33fad00c        0x8 common/libcommon.a(usb_storage.o)
 .rodata        0x33fad014       0x20 common/libcommon.a(xyzModem.o)
 .rodata        0x33fad034      0x200 lib_generic/libgeneric.a(crc16.o)
 .rodata        0x33fad234      0x400 lib_generic/libgeneric.a(crc32.o)
 .rodata        0x33fad634       0x24 lib_generic/libgeneric.a(vsprintf.o)
                0x33fad644                hex_asc
 .rodata        0x33fad658      0x9d0 lib_generic/libgeneric.a(zlib.o)
                0x33fae000                z_errmsg
 .rodata        0x33fae028       0x40 cpu/arm920t/s3c24x0/libs3c24x0.a(usb_ohci.o)
 .rodata        0x33fae068       0xc4 fs/jffs2/libjffs2.a(jffs2_1pass.o)
 .rodata        0x33fae12c       0x14 fs/jffs2/libjffs2.a(mini_inflate.o)
 .rodata        0x33fae140       0x18 disk/libdisk.a(part.o)
 .rodata        0x33fae158       0x30 drivers/rtc/librtc.a(date.o)
 .rodata        0x33fae188        0x7 net/libnet.a(eth.o)
 .rodata        0x33fae18f        0x7 net/libnet.a(net.o)
 .rodata.str1.1
                0x33fae196       0xce lib_arm/libarm.a(board.o)
                                 0xd0 (size before relaxing)
 .rodata.str1.1
                0x33fae264      0x264 lib_arm/libarm.a(interrupts.o)
                                0x268 (size before relaxing)
 .rodata.str1.1
                0x33fae4c8       0xad net/libnet.a(eth.o)
                                 0xc7 (size before relaxing)
 .rodata.str1.1
                0x33fae575      0x20c net/libnet.a(net.o)
                                0x217 (size before relaxing)
 .rodata.str1.1
                0x33fae781      0x193 net/libnet.a(nfs.o)
                                0x1a9 (size before relaxing)
 .rodata.str1.1
                0x33fae914       0x20 net/libnet.a(rarp.o)
                                 0x47 (size before relaxing)
 .rodata.str1.1
                0x33fae934      0x162 net/libnet.a(tftp.o)
                                0x249 (size before relaxing)
 .rodata.str1.1
                0x33faea96      0x100 net/libnet.a(bootp.o)
                                0x13d (size before relaxing)
 .rodata.str1.1
                0x33faeb96       0x78 drivers/i2c/libi2c.a(s3c24x0_i2c.o)
 .rodata.str1.1
                0x33faec0e        0x8 drivers/mtd/nand/libnand.a(nand.o)
 .rodata.str1.1
                0x33faec16      0x2e3 drivers/mtd/nand/libnand.a(nand_base.o)
 .rodata.str1.1
                0x33faeef9      0x309 drivers/mtd/nand/libnand.a(nand_bbt.o)
 .rodata.str1.1
                0x33faf202      0x31f drivers/mtd/nand/libnand.a(nand_ids.o)
                                0x335 (size before relaxing)
 .rodata.str1.1
                0x33faf521      0x181 drivers/usb/slave/libusb_slave.a(usbinit.o)
 .rodata.str1.1
                0x33faf6a2       0x36 drivers/usb/slave/libusb_slave.a(interrupt.o)
 .rodata.str1.1
                0x33faf6d8       0x10 drivers/usb/slave/libusb_slave.a(usbout.o)
 .rodata.str1.1
                0x33faf6e8       0xaa common/libcommon.a(cmd_bdinfo.o)
                                 0xb3 (size before relaxing)
 .rodata.str1.1
                0x33faf792       0xef common/libcommon.a(cmd_boot.o)
                                 0xf0 (size before relaxing)
 .rodata.str1.1
                0x33faf881      0x86b common/libcommon.a(cmd_bootm.o)
                                0x8c8 (size before relaxing)
 .rodata.str1.1
                0x33fb00ec       0xd9 common/libcommon.a(cmd_cache.o)
                                0x107 (size before relaxing)
 .rodata.str1.1
                0x33fb01c5       0x5c common/libcommon.a(cmd_console.o)
                                 0x61 (size before relaxing)
 .rodata.str1.1
                0x33fb0221      0x175 common/libcommon.a(cmd_date.o)
                                0x17b (size before relaxing)
 .rodata.str1.1
                0x33fb0396       0x50 common/libcommon.a(cmd_echo.o)
                                 0x55 (size before relaxing)
 .rodata.str1.1
                0x33fb03e6       0xc1 common/libcommon.a(cmd_eeprom.o)
                                 0xc7 (size before relaxing)
 .rodata.str1.1
                0x33fb04a7      0x278 common/libcommon.a(cmd_elf.o)
                                0x29a (size before relaxing)
 .rodata.str1.1
                0x33fb071f       0x11 common/libcommon.a(cmd_exit.o)
                                 0x12 (size before relaxing)
 .rodata.str1.1
                0x33fb0730      0x396 common/libcommon.a(cmd_fat.o)
                                0x3a5 (size before relaxing)
 .rodata.str1.1
                0x33fb0ac6      0x71d common/libcommon.a(cmd_flash.o)
                                0x730 (size before relaxing)
 .rodata.str1.1
                0x33fb11e3       0x9a common/libcommon.a(cmd_help.o)
                                 0x9b (size before relaxing)
 .rodata.str1.1
                0x33fb127d      0x357 common/libcommon.a(cmd_i2c.o)
                                0x387 (size before relaxing)
 .rodata.str1.1
                0x33fb15d4       0xb3 common/libcommon.a(cmd_itest.o)
                                 0xb5 (size before relaxing)
 .rodata.str1.1
                0x33fb1687      0x2bd common/libcommon.a(cmd_jffs2.o)
                                0x325 (size before relaxing)
 .rodata.str1.1
                0x33fb1944      0x3ae common/libcommon.a(cmd_load.o)
                                0x3c8 (size before relaxing)
 .rodata.str1.1
                0x33fb1cf2      0x4bc common/libcommon.a(cmd_mem.o)
                                0x4f2 (size before relaxing)
 .rodata.str1.1
                0x33fb21ae       0x5f common/libcommon.a(cmd_misc.o)
 .rodata.str1.1
                0x33fb220d       0xc0 common/libcommon.a(cmd_mmc.o)
                                 0xc7 (size before relaxing)
 .rodata.str1.1
                0x33fb22cd      0x821 common/libcommon.a(cmd_nand.o)
                                0x880 (size before relaxing)
 .rodata.str1.1
                0x33fb2aee      0x1e1 common/libcommon.a(cmd_net.o)
                                0x223 (size before relaxing)
 .rodata.str1.1
                0x33fb2ccf      0x4d3 common/libcommon.a(cmd_nvedit.o)
                                0x541 (size before relaxing)
 .rodata.str1.1
                0x33fb31a2       0x23 common/libcommon.a(cmd_reginfo.o)
                                 0x24 (size before relaxing)
 .rodata.str1.1
                0x33fb31c5      0x101 common/libcommon.a(cmd_source.o)
                                0x108 (size before relaxing)
 .rodata.str1.1
                0x33fb32c6       0x6e common/libcommon.a(cmd_test.o)
                                 0x96 (size before relaxing)
 .rodata.str1.1
                0x33fb3334      0x82f common/libcommon.a(cmd_usb.o)
                                0x969 (size before relaxing)
 .rodata.str1.1
                0x33fb3b63       0xa8 common/libcommon.a(cmd_usbslave.o)
                                 0xb4 (size before relaxing)
 .rodata.str1.1
                0x33fb3c0b       0x16 common/libcommon.a(cmd_version.o)
                                 0x24 (size before relaxing)
 .rodata.str1.1
                0x33fb3c21      0x17e common/libcommon.a(cmd_ximg.o)
                                0x22f (size before relaxing)
 .rodata.str1.1
                0x33fb3d9f       0xa9 common/libcommon.a(command.o)
                                 0xc9 (size before relaxing)
 .rodata.str1.1
                0x33fb3e48       0x70 common/libcommon.a(console.o)
                                 0x74 (size before relaxing)
 .rodata.str1.1
                0x33fb3eb8       0x33 common/libcommon.a(env_common.o)
                                 0x37 (size before relaxing)
 .rodata.str1.1
                0x33fb3eeb       0x6e common/libcommon.a(env_nand.o)
                                 0x74 (size before relaxing)
 .rodata.str1.1
                0x33fb3f59       0xf7 common/libcommon.a(flash.o)
                                0x10c (size before relaxing)
 .rodata.str1.1
                0x33fb4050      0x237 common/libcommon.a(hush.o)
                                0x276 (size before relaxing)
 .rodata.str1.1
                0x33fb4287      0x483 common/libcommon.a(image.o)
                                0x523 (size before relaxing)
 .rodata.str1.1
                0x33fb470a      0x372 common/libcommon.a(main.o)
                                0x3ef (size before relaxing)
 .rodata.str1.1
                0x33fb4a7c        0x7 common/libcommon.a(stdio.o)
                                 0x1b (size before relaxing)
 .rodata.str1.1
                0x33fb4a83      0x28b common/libcommon.a(usb.o)
 .rodata.str1.1
                0x33fb4d0e      0x1ed common/libcommon.a(usb_storage.o)
                                0x1ff (size before relaxing)
 .rodata.str1.1
                0x33fb4efb       0xe3 common/libcommon.a(xyzModem.o)
                                 0xe5 (size before relaxing)
 .rodata.str1.1
                0x33fb4fde       0xfd board/tekkamanninja/mini2440/libmini2440.a(flash.o)
                                0x105 (size before relaxing)
 .rodata.str1.1
                0x33fb50db       0x11 lib_generic/libgeneric.a(display_options.o)
                                 0x36 (size before relaxing)
 .rodata.str1.1
                0x33fb50ec       0x85 lib_generic/libgeneric.a(gunzip.o)
 .rodata.str1.1
                0x33fb5171        0xe lib_generic/libgeneric.a(vsprintf.o)
 .rodata.str1.1
                0x33fb517f      0x21c lib_generic/libgeneric.a(zlib.o)
                                0x21d (size before relaxing)
 .rodata.str1.1
                0x33fb539b      0x238 cpu/arm920t/s3c24x0/libs3c24x0.a(usb_ohci.o)
 .rodata.str1.1
                0x33fb55d3      0x334 cpu/arm920t/s3c24x0/libs3c24x0.a(mmc.o)
                                0x343 (size before relaxing)
 .rodata.str1.1
                0x33fb5907       0x42 lib_arm/libarm.a(bootm.o)
                                 0x4b (size before relaxing)
 .rodata.str1.1
                0x33fb5949        0xf lib_arm/libarm.a(reset.o)
 .rodata.str1.1
                0x33fb5958      0x15b fs/fat/libfat.a(fat.o)
                                0x16d (size before relaxing)
 .rodata.str1.1
                0x33fb5ab3      0x3d4 fs/jffs2/libjffs2.a(jffs2_1pass.o)
                                0x3e7 (size before relaxing)
 .rodata.str1.1
                0x33fb5e87      0x1af disk/libdisk.a(part.o)
                                0x1e4 (size before relaxing)
 .rodata.str1.1
                0x33fb6036       0xe5 disk/libdisk.a(part_dos.o)
                                 0xf1 (size before relaxing)
 .rodata.str1.1
                0x33fb611b      0x2ba drivers/mtd/nand/libnand.a(nand_util.o)
                                0x2bc (size before relaxing)
 .rodata.str1.1
                0x33fb63d5      0x1de drivers/net/libnet.a(dm9000x.o)
                                0x1e4 (size before relaxing)
 .rodata.str1.1
                0x33fb65b3       0x1b /home/libo/arm/bootloader/u-boot/lib_arm/eabi_compat.o
                0x33fb65d0                . = ALIGN (0x4)

.data           0x33fb65d0     0x1a40
 *(.data)
 .data          0x33fb65d0        0x0 cpu/arm920t/start.o
 .data          0x33fb65d0        0x0 board/tekkamanninja/mini2440/lowlevel_init.o
 .data          0x33fb65d0        0x0 board/tekkamanninja/mini2440/nand_read.o
 .data          0x33fb65d0       0x30 lib_arm/libarm.a(board.o)
                0x33fb65d0                init_sequence
 .data          0x33fb6600        0x0 lib_arm/libarm.a(interrupts.o)
 .data          0x33fb6600        0x0 net/libnet.a(eth.o)
 .data          0x33fb6600        0xc net/libnet.a(net.o)
                0x33fb6600                NetOurVLAN
                0x33fb6602                NetOurNativeVLAN
                0x33fb6604                NetBcastAddr
 .data          0x33fb660c        0x4 net/libnet.a(nfs.o)
 .data          0x33fb6610        0x0 net/libnet.a(rarp.o)
 .data          0x33fb6610       0x18 net/libnet.a(tftp.o)
                0x33fb661c                TftpRRQTimeoutCountMax
                0x33fb6624                TftpRRQTimeoutMSecs
 .data          0x33fb6628        0x0 net/libnet.a(bootp.o)
 .data          0x33fb6628        0x0 drivers/i2c/libi2c.a(s3c24x0_i2c.o)
 .data          0x33fb6628        0x4 drivers/mtd/nand/libnand.a(nand.o)
                0x33fb6628                nand_curr_device
 .data          0x33fb662c      0x920 drivers/mtd/nand/libnand.a(nand_base.o)
 .data          0x33fb6f4c      0x110 drivers/mtd/nand/libnand.a(nand_bbt.o)
 .data          0x33fb705c        0x0 drivers/mtd/nand/libnand.a(nand_ecc.o)
 .data          0x33fb705c      0x4a0 drivers/mtd/nand/libnand.a(nand_ids.o)
                0x33fb705c                nand_flash_ids
                0x33fb74ac                nand_manuf_ids
 .data          0x33fb74fc        0x4 drivers/mtd/nand/libnand.a(s3c2410_nand.o)
                0x33fb74fc                IO_ADDR_W
 .data          0x33fb7500        0x0 drivers/serial/libserial.a(serial_s3c24x0.o)
 .data          0x33fb7500        0x0 drivers/usb/slave/libusb_slave.a(usbinit.o)
 .data          0x33fb7500        0x0 drivers/usb/slave/libusb_slave.a(interrupt.o)
 .data          0x33fb7500        0x0 drivers/usb/slave/libusb_slave.a(usblib.o)
 .data          0x33fb7500        0x0 drivers/usb/slave/libusb_slave.a(usbmain.o)
 .data          0x33fb7500        0x0 drivers/usb/slave/libusb_slave.a(usbout.o)
 .data          0x33fb7500        0x2 drivers/usb/slave/libusb_slave.a(usbsetup.o)
                0x33fb7500                Selfpwr
                0x33fb7501                Configuration
 .data          0x33fb7502        0x0 drivers/usb/slave/libusb_slave.a(usbin.o)
 .data          0x33fb7502        0x0 common/libcommon.a(cmd_bdinfo.o)
 .data          0x33fb7502        0x0 common/libcommon.a(cmd_boot.o)
 *fill*         0x33fb7502        0x2 00
 .data          0x33fb7504       0xac common/libcommon.a(cmd_bootm.o)
                0x33fb7504                load_addr
                0x33fb7508                cmd_bootm_sub
 .data          0x33fb75b0        0x0 common/libcommon.a(cmd_cache.o)
 .data          0x33fb75b0        0x0 common/libcommon.a(cmd_console.o)
 .data          0x33fb75b0       0x1c common/libcommon.a(cmd_date.o)
                0x33fb75b0                weekdays
 .data          0x33fb75cc        0x0 common/libcommon.a(cmd_echo.o)
 .data          0x33fb75cc        0x0 common/libcommon.a(cmd_eeprom.o)
 .data          0x33fb75cc        0x0 common/libcommon.a(cmd_elf.o)
 .data          0x33fb75cc        0x0 common/libcommon.a(cmd_exit.o)
 .data          0x33fb75cc        0x0 common/libcommon.a(cmd_fat.o)
 .data          0x33fb75cc        0x0 common/libcommon.a(cmd_flash.o)
 .data          0x33fb75cc        0x0 common/libcommon.a(cmd_help.o)
 .data          0x33fb75cc        0x4 common/libcommon.a(cmd_i2c.o)
 .data          0x33fb75d0       0x68 common/libcommon.a(cmd_itest.o)
                0x33fb75d0                op_table
 .data          0x33fb7638        0x0 common/libcommon.a(cmd_jffs2.o)
 .data          0x33fb7638        0x4 common/libcommon.a(cmd_load.o)
 .data          0x33fb763c        0x4 common/libcommon.a(cmd_mem.o)
                0x33fb763c                dp_last_length
 .data          0x33fb7640        0x0 common/libcommon.a(cmd_misc.o)
 .data          0x33fb7640        0x4 common/libcommon.a(cmd_mmc.o)
 .data          0x33fb7644        0x0 common/libcommon.a(cmd_nand.o)
 .data          0x33fb7644        0x0 common/libcommon.a(cmd_net.o)
 .data          0x33fb7644        0x4 common/libcommon.a(cmd_nvedit.o)
 .data          0x33fb7648        0x0 common/libcommon.a(cmd_reginfo.o)
 .data          0x33fb7648        0x0 common/libcommon.a(cmd_source.o)
 .data          0x33fb7648        0x0 common/libcommon.a(cmd_test.o)
 .data          0x33fb7648        0x4 common/libcommon.a(cmd_usb.o)
 .data          0x33fb764c        0x4 common/libcommon.a(cmd_usbslave.o)
                0x33fb764c                g_bUSBWait
 .data          0x33fb7650        0x0 common/libcommon.a(cmd_version.o)
 .data          0x33fb7650        0x0 common/libcommon.a(cmd_ximg.o)
 .data          0x33fb7650        0x0 common/libcommon.a(command.o)
 .data          0x33fb7650        0x0 common/libcommon.a(console.o)
 .data          0x33fb7650      0x414 common/libcommon.a(dlmalloc.o)
 .data          0x33fb7a64      0x130 common/libcommon.a(env_common.o)
                0x33fb7a64                default_environment
 .data          0x33fb7b94        0x4 common/libcommon.a(env_nand.o)
                0x33fb7b94                env_name_spec
 .data          0x33fb7b98        0x0 common/libcommon.a(exports.o)
 .data          0x33fb7b98        0x0 common/libcommon.a(flash.o)
 .data          0x33fb7b98       0x84 common/libcommon.a(hush.o)
 .data          0x33fb7c1c      0x228 common/libcommon.a(image.o)
 .data          0x33fb7e44       0x14 common/libcommon.a(main.o)
 .data          0x33fb7e58        0x0 common/libcommon.a(s_record.o)
 .data          0x33fb7e58        0xc common/libcommon.a(stdio.o)
                0x33fb7e58                stdio_names
 .data          0x33fb7e64        0x0 common/libcommon.a(usb.o)
 .data          0x33fb7e64       0x20 common/libcommon.a(usb_storage.o)
                0x33fb7e64                us_direction
 .data          0x33fb7e84        0x0 common/libcommon.a(xyzModem.o)
 .data          0x33fb7e84        0x0 board/tekkamanninja/mini2440/libmini2440.a(mini2440.o)
 .data          0x33fb7e84        0x0 board/tekkamanninja/mini2440/libmini2440.a(flash.o)
 .data          0x33fb7e84        0x0 lib_generic/libgeneric.a(crc16.o)
 .data          0x33fb7e84        0x0 lib_generic/libgeneric.a(crc32.o)
 .data          0x33fb7e84      0x100 lib_generic/libgeneric.a(ctype.o)
                0x33fb7e84                _ctype
 .data          0x33fb7f84        0x0 lib_generic/libgeneric.a(display_options.o)
 .data          0x33fb7f84        0x0 lib_generic/libgeneric.a(gunzip.o)
 .data          0x33fb7f84        0x0 lib_generic/libgeneric.a(net_utils.o)
 .data          0x33fb7f84        0x0 lib_generic/libgeneric.a(string.o)
 .data          0x33fb7f84        0x0 lib_generic/libgeneric.a(time.o)
 .data          0x33fb7f84        0x0 lib_generic/libgeneric.a(vsprintf.o)
 .data          0x33fb7f84        0x0 lib_generic/libgeneric.a(zlib.o)
 .data          0x33fb7f84        0x0 lib_generic/libgeneric.a(div64.o)
 .data          0x33fb7f84        0x0 cpu/arm920t/s3c24x0/libs3c24x0.a(interrupts.o)
 .data          0x33fb7f84        0x0 cpu/arm920t/s3c24x0/libs3c24x0.a(speed.o)
 .data          0x33fb7f84        0x0 cpu/arm920t/s3c24x0/libs3c24x0.a(timer.o)
 .data          0x33fb7f84       0x50 cpu/arm920t/s3c24x0/libs3c24x0.a(usb_ohci.o)
 .data          0x33fb7fd4        0x2 cpu/arm920t/s3c24x0/libs3c24x0.a(mmc.o)
 .data          0x33fb7fd6        0x0 lib_arm/libarm.a(bootm.o)
 .data          0x33fb7fd6        0x0 lib_arm/libarm.a(cache.o)
 .data          0x33fb7fd6        0x0 lib_arm/libarm.a(cache-cp15.o)
 .data          0x33fb7fd6        0x0 lib_arm/libarm.a(reset.o)
 *fill*         0x33fb7fd6        0x2 00
 .data          0x33fb7fd8        0x4 fs/fat/libfat.a(fat.o)
 .data          0x33fb7fdc        0x4 fs/jffs2/libjffs2.a(jffs2_1pass.o)
 .data          0x33fb7fe0        0x0 fs/jffs2/libjffs2.a(compr_rtime.o)
 .data          0x33fb7fe0        0x0 fs/jffs2/libjffs2.a(compr_rubin.o)
 .data          0x33fb7fe0        0x0 fs/jffs2/libjffs2.a(compr_zlib.o)
 .data          0x33fb7fe0        0x0 fs/jffs2/libjffs2.a(mini_inflate.o)
 .data          0x33fb7fe0        0x0 disk/libdisk.a(part.o)
 .data          0x33fb7fe0        0x0 disk/libdisk.a(part_dos.o)
 .data          0x33fb7fe0        0x0 drivers/mtd/nand/libnand.a(nand_util.o)
 .data          0x33fb7fe0        0x0 drivers/net/libnet.a(dm9000x.o)
 .data          0x33fb7fe0       0x30 drivers/rtc/librtc.a(date.o)
 .data          0x33fb8010        0x0 drivers/rtc/librtc.a(s3c24x0_rtc.o)
 .data          0x33fb8010        0x0 cpu/arm920t/libarm920t.a(cpu.o)
 .data          0x33fb8010        0x0 /home/libo/arm/bootloader/u-boot/lib_arm/eabi_compat.o
 .data          0x33fb8010        0x0 /home/libo/arm/4.4.3/bin/../lib/gcc/arm-none-linux-gnueabi/4.4.3/libgcc.a(_udivsi3.o)
 .data          0x33fb8010        0x0 /home/libo/arm/4.4.3/bin/../lib/gcc/arm-none-linux-gnueabi/4.4.3/libgcc.a(_divsi3.o)
 .data          0x33fb8010        0x0 /home/libo/arm/4.4.3/bin/../lib/gcc/arm-none-linux-gnueabi/4.4.3/libgcc.a(_lshrdi3.o)
 .data          0x33fb8010        0x0 /home/libo/arm/4.4.3/bin/../lib/gcc/arm-none-linux-gnueabi/4.4.3/libgcc.a(_ashrdi3.o)
 .data          0x33fb8010        0x0 /home/libo/arm/4.4.3/bin/../lib/gcc/arm-none-linux-gnueabi/4.4.3/libgcc.a(_ashldi3.o)
 .data          0x33fb8010        0x0 /home/libo/arm/4.4.3/bin/../lib/gcc/arm-none-linux-gnueabi/4.4.3/libgcc.a(_dvmd_lnx.o)
                0x33fb8010                . = ALIGN (0x4)

.got
 *(.got)
                0x33fb8010                . = .
                0x33fb8010                __u_boot_cmd_start = .

.u_boot_cmd     0x33fb8010      0x7c4
 *(.u_boot_cmd)
 .u_boot_cmd    0x33fb8010       0x1c common/libcommon.a(cmd_bdinfo.o)
                0x33fb8010                __u_boot_cmd_bdinfo
 .u_boot_cmd    0x33fb802c       0x38 common/libcommon.a(cmd_boot.o)
                0x33fb802c                __u_boot_cmd_go
                0x33fb8048                __u_boot_cmd_reset
 .u_boot_cmd    0x33fb8064       0x8c common/libcommon.a(cmd_bootm.o)
                0x33fb8064                __u_boot_cmd_bootm
                0x33fb8080                __u_boot_cmd_boot
                0x33fb809c                __u_boot_cmd_bootd
                0x33fb80b8                __u_boot_cmd_iminfo
                0x33fb80d4                __u_boot_cmd_imls
 .u_boot_cmd    0x33fb80f0       0x38 common/libcommon.a(cmd_cache.o)
                0x33fb80f0                __u_boot_cmd_icache
                0x33fb810c                __u_boot_cmd_dcache
 .u_boot_cmd    0x33fb8128       0x1c common/libcommon.a(cmd_console.o)
                0x33fb8128                __u_boot_cmd_coninfo
 .u_boot_cmd    0x33fb8144       0x1c common/libcommon.a(cmd_date.o)
                0x33fb8144                __u_boot_cmd_date
 .u_boot_cmd    0x33fb8160       0x1c common/libcommon.a(cmd_echo.o)
                0x33fb8160                __u_boot_cmd_echo
 .u_boot_cmd    0x33fb817c       0x1c common/libcommon.a(cmd_eeprom.o)
                0x33fb817c                __u_boot_cmd_eeprom
 .u_boot_cmd    0x33fb8198       0x38 common/libcommon.a(cmd_elf.o)
                0x33fb8198                __u_boot_cmd_bootelf
                0x33fb81b4                __u_boot_cmd_bootvx
 .u_boot_cmd    0x33fb81d0       0x1c common/libcommon.a(cmd_exit.o)
                0x33fb81d0                __u_boot_cmd_exit
 .u_boot_cmd    0x33fb81ec       0x54 common/libcommon.a(cmd_fat.o)
                0x33fb81ec                __u_boot_cmd_fatload
                0x33fb8208                __u_boot_cmd_fatls
                0x33fb8224                __u_boot_cmd_fatinfo
 .u_boot_cmd    0x33fb8240       0x54 common/libcommon.a(cmd_flash.o)
                0x33fb8240                __u_boot_cmd_flinfo
                0x33fb825c                __u_boot_cmd_erase
                0x33fb8278                __u_boot_cmd_protect
 .u_boot_cmd    0x33fb8294       0x38 common/libcommon.a(cmd_help.o)
                0x33fb8294                __u_boot_cmd_help
                0x33fb82b0                __u_boot_cmd_question_mark
 .u_boot_cmd    0x33fb82cc       0x1c common/libcommon.a(cmd_i2c.o)
                0x33fb82cc                __u_boot_cmd_i2c
 .u_boot_cmd    0x33fb82e8       0x1c common/libcommon.a(cmd_itest.o)
                0x33fb82e8                __u_boot_cmd_itest
 .u_boot_cmd    0x33fb8304       0x54 common/libcommon.a(cmd_jffs2.o)
                0x33fb8304                __u_boot_cmd_fsload
                0x33fb8320                __u_boot_cmd_ls
                0x33fb833c                __u_boot_cmd_fsinfo
 .u_boot_cmd    0x33fb8358       0x70 common/libcommon.a(cmd_load.o)
                0x33fb8358                __u_boot_cmd_loads
                0x33fb8374                __u_boot_cmd_loadb
                0x33fb8390                __u_boot_cmd_loadx
                0x33fb83ac                __u_boot_cmd_loady
 .u_boot_cmd    0x33fb83c8      0x118 common/libcommon.a(cmd_mem.o)
                0x33fb83c8                __u_boot_cmd_md
                0x33fb83e4                __u_boot_cmd_mm
                0x33fb8400                __u_boot_cmd_nm
                0x33fb841c                __u_boot_cmd_mw
                0x33fb8438                __u_boot_cmd_cp
                0x33fb8454                __u_boot_cmd_cmp
                0x33fb8470                __u_boot_cmd_crc32
                0x33fb848c                __u_boot_cmd_base
                0x33fb84a8                __u_boot_cmd_loop
                0x33fb84c4                __u_boot_cmd_mtest
 .u_boot_cmd    0x33fb84e0       0x1c common/libcommon.a(cmd_misc.o)
                0x33fb84e0                __u_boot_cmd_sleep
 .u_boot_cmd    0x33fb84fc       0x1c common/libcommon.a(cmd_mmc.o)
                0x33fb84fc                __u_boot_cmd_mmc
 .u_boot_cmd    0x33fb8518       0x38 common/libcommon.a(cmd_nand.o)
                0x33fb8518                __u_boot_cmd_nand
                0x33fb8534                __u_boot_cmd_nboot
 .u_boot_cmd    0x33fb8550       0xa8 common/libcommon.a(cmd_net.o)
                0x33fb8550                __u_boot_cmd_bootp
                0x33fb856c                __u_boot_cmd_tftpboot
                0x33fb8588                __u_boot_cmd_rarpboot
                0x33fb85a4                __u_boot_cmd_dhcp
                0x33fb85c0                __u_boot_cmd_nfs
                0x33fb85dc                __u_boot_cmd_ping
 .u_boot_cmd    0x33fb85f8       0xa8 common/libcommon.a(cmd_nvedit.o)
                0x33fb85f8                __u_boot_cmd_saveenv
                0x33fb8614                __u_boot_cmd_editenv
                0x33fb8630                __u_boot_cmd_printenv
                0x33fb864c                __u_boot_cmd_setenv
                0x33fb8668                __u_boot_cmd_askenv
                0x33fb8684                __u_boot_cmd_run
 .u_boot_cmd    0x33fb86a0       0x1c common/libcommon.a(cmd_reginfo.o)
                0x33fb86a0                __u_boot_cmd_reginfo
 .u_boot_cmd    0x33fb86bc       0x1c common/libcommon.a(cmd_source.o)
                0x33fb86bc                __u_boot_cmd_source
 .u_boot_cmd    0x33fb86d8       0x54 common/libcommon.a(cmd_test.o)
                0x33fb86d8                __u_boot_cmd_test
                0x33fb86f4                __u_boot_cmd_false
                0x33fb8710                __u_boot_cmd_true
 .u_boot_cmd    0x33fb872c       0x38 common/libcommon.a(cmd_usb.o)
                0x33fb872c                __u_boot_cmd_usb
                0x33fb8748                __u_boot_cmd_usbboot
 .u_boot_cmd    0x33fb8764       0x1c common/libcommon.a(cmd_usbslave.o)
                0x33fb8764                __u_boot_cmd_usbslave
 .u_boot_cmd    0x33fb8780       0x1c common/libcommon.a(cmd_version.o)
                0x33fb8780                __u_boot_cmd_version
 .u_boot_cmd    0x33fb879c       0x1c common/libcommon.a(cmd_ximg.o)
                0x33fb879c                __u_boot_cmd_imxtract
 .u_boot_cmd    0x33fb87b8       0x1c common/libcommon.a(hush.o)
                0x33fb87b8                __u_boot_cmd_showvar
                0x33fb87d4                __u_boot_cmd_end = .
                0x33fb87d4                . = ALIGN (0x4)
                0x33fb87d4                __bss_start = .

.bss            0x33fb8800    0x42d9c
 *(.bss)
 .bss           0x33fb8800        0x0 cpu/arm920t/start.o
 .bss           0x33fb8800        0x0 board/tekkamanninja/mini2440/lowlevel_init.o
 .bss           0x33fb8800        0x0 board/tekkamanninja/mini2440/nand_read.o
 .bss           0x33fb8800        0x4 lib_arm/libarm.a(board.o)
                0x33fb8800                monitor_flash_len
 .bss           0x33fb8804        0x0 lib_arm/libarm.a(interrupts.o)
 .bss           0x33fb8804       0x14 net/libnet.a(eth.o)
 .bss           0x33fb8818     0x25e4 net/libnet.a(net.o)
                0x33fb8818                NetState
                0x33fb882c                NetIPID
                0x33fb8830                NetOurIP
                0x33fb8834                NetOurEther
                0x33fb883c                NetPingIP
                0x33fb8840                NetRxPacket
                0x33fb8844                NetRxPacketLen
                0x33fb8848                NetArpWaitPacketIP
                0x33fb884c                NetArpWaitPacketMAC
                0x33fb8850                NetArpWaitReplyIP
                0x33fb8854                NetArpWaitTxPacket
                0x33fb8858                NetArpWaitTxPacketSize
                0x33fb885c                NetServerIP
                0x33fb8860                NetServerEther
                0x33fb8868                NetTxPacket
                0x33fb886c                NetOurSubnetMask
                0x33fb8870                NetOurGatewayIP
                0x33fb887c                NetEtherNullAddr
                0x33fb8884                NetArpWaitTry
                0x33fb8888                NetArpWaitTimerStart
                0x33fb8894                NetRestartWrap
                0x33fb889c                PktBuf
                0x33fba6bc                NetRxPackets
                0x33fba6cc                NetArpWaitPacketBuf
                0x33fbacf0                NetBootFileXferSize
                0x33fbacf4                NetOurDNSIP
                0x33fbacf8                NetOurNISDomain
                0x33fbad18                NetOurHostName
                0x33fbad38                NetOurRootPath
                0x33fbad78                NetBootFileSize
                0x33fbad7c                BootFile
 .bss           0x33fbadfc      0x8b0 net/libnet.a(nfs.o)
 .bss           0x33fbb6ac        0x4 net/libnet.a(rarp.o)
                0x33fbb6ac                RarpTry
 .bss           0x33fbb6b0       0xb4 net/libnet.a(tftp.o)
 .bss           0x33fbb764       0x14 net/libnet.a(bootp.o)
                0x33fbb764                dhcp_leasetime
                0x33fbb768                NetDHCPServerIP
                0x33fbb76c                BootpID
                0x33fbb770                dhcp_state
                0x33fbb774                BootpTry
 .bss           0x33fbb778        0x0 drivers/i2c/libi2c.a(s3c24x0_i2c.o)
 .bss           0x33fbb778      0x1d0 drivers/mtd/nand/libnand.a(nand.o)
                0x33fbb778                nand_info
 .bss           0x33fbb948        0x0 drivers/mtd/nand/libnand.a(nand_base.o)
 .bss           0x33fbb948        0x0 drivers/mtd/nand/libnand.a(nand_bbt.o)
 .bss           0x33fbb948        0x0 drivers/mtd/nand/libnand.a(nand_ecc.o)
 .bss           0x33fbb948        0x0 drivers/mtd/nand/libnand.a(nand_ids.o)
 .bss           0x33fbb948        0x0 drivers/mtd/nand/libnand.a(s3c2410_nand.o)
 .bss           0x33fbb948        0x0 drivers/serial/libserial.a(serial_s3c24x0.o)
 .bss           0x33fbb948       0x4c drivers/usb/slave/libusb_slave.a(usbinit.o)
                0x33fbb948                isUsbdSetConfiguration
                0x33fbb94c                download_run
                0x33fbb950                dwUSBBufBase
                0x33fbb954                dwUSBBufReadPtr
                0x33fbb958                dwUSBBufWritePtr
                0x33fbb95c                bDMAPending
                0x33fbb960                tempDownloadAddress
                0x33fbb964                downloadAddress
                0x33fbb968                downPt
                0x33fbb96c                downloadFileSize
                0x33fbb970                dwWillDMACnt
                0x33fbb974                totalDmaCount
                0x33fbb978                restart
                0x33fbb97c                err
                0x33fbb980                menuUsed
                0x33fbb984                run
                0x33fbb988                checkSum
                0x33fbb98c                dwUSBBufSize
                0x33fbb990                consoleNum
 .bss           0x33fbb994       0xd0 drivers/usb/slave/libusb_slave.a(interrupt.o)
                0x33fbb998                g_TimerIntHappen
                0x33fbb99c                isr_handle_array
 .bss           0x33fbba64        0x0 drivers/usb/slave/libusb_slave.a(usblib.o)
 .bss           0x33fbba64     0x1008 drivers/usb/slave/libusb_slave.a(usbmain.o)
                0x33fbba64                dbgStrWrPt
                0x33fbba68                dbgStrFifo
                0x33fbca68                dbgStrRdPt
 .bss           0x33fbca6c       0x20 drivers/usb/slave/libusb_slave.a(usbout.o)
                0x33fbca6c                ep3Buf
 .bss           0x33fbca8c       0x68 drivers/usb/slave/libusb_slave.a(usbsetup.o)
                0x33fbca8c                descDev
                0x33fbcaa0                descConf
                0x33fbcaac                descIf
                0x33fbcab8                descEndpt0
                0x33fbcac0                descEndpt1
                0x33fbcac8                ep0State
                0x33fbcacc                descSetup
                0x33fbcad8                ConfigSet
                0x33fbcad9                Rwuen
                0x33fbcadc                StatusGet
                0x33fbcae4                InterfaceGet
                0x33fbcae8                ep0SubState
                0x33fbcaec                AlterSetting
                0x33fbcaed                device_status
                0x33fbcaee                interface_status
                0x33fbcaef                endpoint0_status
                0x33fbcaf0                endpoint1_status
                0x33fbcaf1                endpoint3_status
 .bss           0x33fbcaf4       0x24 drivers/usb/slave/libusb_slave.a(usbin.o)
                0x33fbcaf4                transferIndex
                0x33fbcaf8                ep1Buf
 .bss           0x33fbcb18        0x0 common/libcommon.a(cmd_bdinfo.o)
 .bss           0x33fbcb18        0x0 common/libcommon.a(cmd_boot.o)
 .bss           0x33fbcb18       0x8c common/libcommon.a(cmd_bootm.o)
 .bss           0x33fbcba4        0x0 common/libcommon.a(cmd_cache.o)
 .bss           0x33fbcba4        0x0 common/libcommon.a(cmd_console.o)
 .bss           0x33fbcba4        0x0 common/libcommon.a(cmd_date.o)
 .bss           0x33fbcba4        0x0 common/libcommon.a(cmd_echo.o)
 .bss           0x33fbcba4        0x0 common/libcommon.a(cmd_eeprom.o)
 .bss           0x33fbcba4        0x0 common/libcommon.a(cmd_elf.o)
 .bss           0x33fbcba4        0x0 common/libcommon.a(cmd_exit.o)
 .bss           0x33fbcba4        0x0 common/libcommon.a(cmd_fat.o)
 .bss           0x33fbcba4        0x0 common/libcommon.a(cmd_flash.o)
 .bss           0x33fbcba4        0x0 common/libcommon.a(cmd_help.o)
 .bss           0x33fbcba4       0x18 common/libcommon.a(cmd_i2c.o)
 .bss           0x33fbcbbc        0x0 common/libcommon.a(cmd_itest.o)
 .bss           0x33fbcbbc        0xc common/libcommon.a(cmd_jffs2.o)
                0x33fbcbc0                current_mtd_dev
                0x33fbcbc4                current_mtd_partnum
 .bss           0x33fbcbc8       0x60 common/libcommon.a(cmd_load.o)
                0x33fbcbd8                os_data_init
                0x33fbcbe8                os_data_char
                0x33fbcbec                his_quote
                0x33fbcbf0                his_pad_count
                0x33fbcbf4                his_pad_char
                0x33fbcbf5                his_eol
                0x33fbcbf8                send_ptr
                0x33fbcbfc                send_parms
 .bss           0x33fbcc28       0x14 common/libcommon.a(cmd_mem.o)
                0x33fbcc2c                mm_last_addr
                0x33fbcc30                mm_last_size
                0x33fbcc34                dp_last_addr
                0x33fbcc38                dp_last_size
 .bss           0x33fbcc3c        0x0 common/libcommon.a(cmd_misc.o)
 .bss           0x33fbcc3c        0x0 common/libcommon.a(cmd_mmc.o)
 .bss           0x33fbcc3c        0x0 common/libcommon.a(cmd_nand.o)
 .bss           0x33fbcc3c        0x0 common/libcommon.a(cmd_net.o)
 .bss           0x33fbcc3c        0x0 common/libcommon.a(cmd_nvedit.o)
 .bss           0x33fbcc3c        0x0 common/libcommon.a(cmd_reginfo.o)
 .bss           0x33fbcc3c        0x0 common/libcommon.a(cmd_source.o)
 .bss           0x33fbcc3c        0x0 common/libcommon.a(cmd_test.o)
 .bss           0x33fbcc3c        0x0 common/libcommon.a(cmd_usb.o)
 .bss           0x33fbcc3c        0x4 common/libcommon.a(cmd_usbslave.o)
                0x33fbcc3c                g_dwDownloadLen
 .bss           0x33fbcc40        0x0 common/libcommon.a(cmd_version.o)
 .bss           0x33fbcc40        0x0 common/libcommon.a(cmd_ximg.o)
 .bss           0x33fbcc40      0x300 common/libcommon.a(command.o)
 .bss           0x33fbcf40        0x8 common/libcommon.a(console.o)
 .bss           0x33fbcf48       0x44 common/libcommon.a(dlmalloc.o)
                0x33fbcf48                mem_malloc_brk
                0x33fbcf4c                mem_malloc_start
                0x33fbcf50                mem_malloc_end
 .bss           0x33fbcf8c        0x0 common/libcommon.a(env_common.o)
 .bss           0x33fbcf8c        0x4 common/libcommon.a(env_nand.o)
                0x33fbcf8c                env_ptr
 .bss           0x33fbcf90        0x0 common/libcommon.a(exports.o)
 .bss           0x33fbcf90        0x0 common/libcommon.a(flash.o)
 .bss           0x33fbcf90      0x258 common/libcommon.a(hush.o)
                0x33fbd1dc                last_return_code
                0x33fbd1e4                nesting_level
 .bss           0x33fbd1e8        0x0 common/libcommon.a(image.o)
 .bss           0x33fbd1e8     0x156c common/libcommon.a(main.o)
                0x33fbd200                hist_num
                0x33fbd204                hist_lines
                0x33fbe604                hist_list
                0x33fbe654                console_buffer
 .bss           0x33fbe754        0x0 common/libcommon.a(s_record.o)
 .bss           0x33fbe754       0x48 common/libcommon.a(stdio.o)
                0x33fbe790                stdio_devices
 .bss           0x33fbe79c     0xaa1c common/libcommon.a(usb.o)
                0x33fc91a8                usb_started
 .bss           0x33fc91b8      0x5b8 common/libcommon.a(usb_storage.o)
 .bss           0x33fc9770      0x43c common/libcommon.a(xyzModem.o)
 .bss           0x33fc9bac        0x0 board/tekkamanninja/mini2440/libmini2440.a(mini2440.o)
 .bss           0x33fc9bac       0xac board/tekkamanninja/mini2440/libmini2440.a(flash.o)
                0x33fc9bac                flash_info
 .bss           0x33fc9c58        0x0 lib_generic/libgeneric.a(crc16.o)
 .bss           0x33fc9c58        0x0 lib_generic/libgeneric.a(crc32.o)
 .bss           0x33fc9c58        0x0 lib_generic/libgeneric.a(ctype.o)
 .bss           0x33fc9c58        0x0 lib_generic/libgeneric.a(display_options.o)
 .bss           0x33fc9c58        0x0 lib_generic/libgeneric.a(gunzip.o)
 .bss           0x33fc9c58        0x0 lib_generic/libgeneric.a(net_utils.o)
 .bss           0x33fc9c58        0x4 lib_generic/libgeneric.a(string.o)
                0x33fc9c58                ___strtok
 .bss           0x33fc9c5c        0x0 lib_generic/libgeneric.a(time.o)
 .bss           0x33fc9c5c        0x0 lib_generic/libgeneric.a(vsprintf.o)
 .bss           0x33fc9c5c        0x0 lib_generic/libgeneric.a(zlib.o)
 .bss           0x33fc9c5c        0x0 lib_generic/libgeneric.a(div64.o)
 .bss           0x33fc9c5c        0x0 cpu/arm920t/s3c24x0/libs3c24x0.a(interrupts.o)
 .bss           0x33fc9c5c        0x0 cpu/arm920t/s3c24x0/libs3c24x0.a(speed.o)
 .bss           0x33fc9c5c       0x10 cpu/arm920t/s3c24x0/libs3c24x0.a(timer.o)
                0x33fc9c64                timer_load_val
 *fill*         0x33fc9c6c       0x94 00
 .bss           0x33fc9d00     0x1500 cpu/arm920t/s3c24x0/libs3c24x0.a(usb_ohci.o)
                0x33fc9dc8                urb_priv
                0x33fc9e9c                phcca
                0x33fc9f00                ghcca
                0x33fca000                ohci_dev
                0x33fca1a0                gtd
                0x33fcb1e0                ptd
                0x33fcb1e8                urb_finished
                0x33fcb1ec                devgone
                0x33fcb1f0                got_rhsc
 .bss           0x33fcb200      0x2a8 cpu/arm920t/s3c24x0/libs3c24x0.a(mmc.o)
 .bss           0x33fcb4a8        0x4 lib_arm/libarm.a(bootm.o)
 .bss           0x33fcb4ac        0x0 lib_arm/libarm.a(cache.o)
 .bss           0x33fcb4ac        0x0 lib_arm/libarm.a(cache-cp15.o)
 .bss           0x33fcb4ac        0x0 lib_arm/libarm.a(reset.o)
 .bss           0x33fcb4ac    0x30008 fs/fat/libfat.a(fat.o)
                0x33fcb4b4                get_vfatname_block
                0x33fdb4b4                do_fat_read_block
                0x33feb4b4                get_dentfromdir_block
 .bss           0x33ffb4b4        0x8 fs/jffs2/libjffs2.a(jffs2_1pass.o)
 .bss           0x33ffb4bc        0x0 fs/jffs2/libjffs2.a(compr_rtime.o)
 .bss           0x33ffb4bc        0x0 fs/jffs2/libjffs2.a(compr_rubin.o)
 .bss           0x33ffb4bc        0x0 fs/jffs2/libjffs2.a(compr_zlib.o)
 .bss           0x33ffb4bc        0x0 fs/jffs2/libjffs2.a(mini_inflate.o)
 .bss           0x33ffb4bc        0x0 disk/libdisk.a(part.o)
 .bss           0x33ffb4bc        0x0 disk/libdisk.a(part_dos.o)
 .bss           0x33ffb4bc        0x0 drivers/mtd/nand/libnand.a(nand_util.o)
 .bss           0x33ffb4bc       0xe0 drivers/net/libnet.a(dm9000x.o)
 .bss           0x33ffb59c        0x0 drivers/rtc/librtc.a(date.o)
 .bss           0x33ffb59c        0x0 drivers/rtc/librtc.a(s3c24x0_rtc.o)
 .bss           0x33ffb59c        0x0 cpu/arm920t/libarm920t.a(cpu.o)
 .bss           0x33ffb59c        0x0 /home/libo/arm/bootloader/u-boot/lib_arm/eabi_compat.o
 .bss           0x33ffb59c        0x0 /home/libo/arm/4.4.3/bin/../lib/gcc/arm-none-linux-gnueabi/4.4.3/libgcc.a(_udivsi3.o)
 .bss           0x33ffb59c        0x0 /home/libo/arm/4.4.3/bin/../lib/gcc/arm-none-linux-gnueabi/4.4.3/libgcc.a(_divsi3.o)
 .bss           0x33ffb59c        0x0 /home/libo/arm/4.4.3/bin/../lib/gcc/arm-none-linux-gnueabi/4.4.3/libgcc.a(_lshrdi3.o)
 .bss           0x33ffb59c        0x0 /home/libo/arm/4.4.3/bin/../lib/gcc/arm-none-linux-gnueabi/4.4.3/libgcc.a(_ashrdi3.o)
 .bss           0x33ffb59c        0x0 /home/libo/arm/4.4.3/bin/../lib/gcc/arm-none-linux-gnueabi/4.4.3/libgcc.a(_ashldi3.o)
 .bss           0x33ffb59c        0x0 /home/libo/arm/4.4.3/bin/../lib/gcc/arm-none-linux-gnueabi/4.4.3/libgcc.a(_dvmd_lnx.o)
                0x33ffb59c                . = ALIGN (0x4)
                0x33ffb59c                _end = .
Address of section .text set to 0x33f80000
LOAD cpu/arm920t/start.o
START GROUP
LOAD lib_generic/libgeneric.a
LOAD lib_generic/lzma/liblzma.a
LOAD lib_generic/lzo/liblzo.a
LOAD cpu/arm920t/libarm920t.a
LOAD cpu/arm920t/s3c24x0/libs3c24x0.a
LOAD lib_arm/libarm.a
LOAD fs/cramfs/libcramfs.a
LOAD fs/fat/libfat.a
LOAD fs/fdos/libfdos.a
LOAD fs/jffs2/libjffs2.a
LOAD fs/reiserfs/libreiserfs.a
LOAD fs/ext2/libext2fs.a
LOAD fs/yaffs2/libyaffs2.a
LOAD fs/ubifs/libubifs.a
LOAD net/libnet.a
LOAD disk/libdisk.a
LOAD drivers/bios_emulator/libatibiosemu.a
LOAD drivers/block/libblock.a
LOAD drivers/dma/libdma.a
LOAD drivers/fpga/libfpga.a
LOAD drivers/gpio/libgpio.a
LOAD drivers/hwmon/libhwmon.a
LOAD drivers/i2c/libi2c.a
LOAD drivers/input/libinput.a
LOAD drivers/misc/libmisc.a
LOAD drivers/mmc/libmmc.a
LOAD drivers/mtd/libmtd.a
LOAD drivers/mtd/nand/libnand.a
LOAD drivers/mtd/onenand/libonenand.a
LOAD drivers/mtd/ubi/libubi.a
LOAD drivers/mtd/spi/libspi_flash.a
LOAD drivers/net/libnet.a
LOAD drivers/net/phy/libphy.a
LOAD drivers/pci/libpci.a
LOAD drivers/pcmcia/libpcmcia.a
LOAD drivers/power/libpower.a
LOAD drivers/spi/libspi.a
LOAD drivers/rtc/librtc.a
LOAD drivers/serial/libserial.a
LOAD drivers/twserial/libtws.a
LOAD drivers/usb/gadget/libusb_gadget.a
LOAD drivers/usb/host/libusb_host.a
LOAD drivers/usb/musb/libusb_musb.a
LOAD drivers/usb/slave/libusb_slave.a
LOAD drivers/usb/phy/libusb_phy.a
LOAD drivers/video/libvideo.a
LOAD drivers/watchdog/libwatchdog.a
LOAD common/libcommon.a
LOAD libfdt/libfdt.a
LOAD api/libapi.a
LOAD post/libpost.a
LOAD board/tekkamanninja/mini2440/libmini2440.a
END GROUP
LOAD /home/libo/arm/bootloader/u-boot/lib_arm/eabi_compat.o
LOAD /home/libo/arm/4.4.3/bin/../lib/gcc/arm-none-linux-gnueabi/4.4.3/libgcc.a
OUTPUT(u-boot elf32-littlearm)

.ARM.attributes
                0x00000000       0x26
 .ARM.attributes
                0x00000000       0x17 cpu/arm920t/start.o
 .ARM.attributes
                0x00000017       0x17 board/tekkamanninja/mini2440/lowlevel_init.o
 .ARM.attributes
                0x0000002e       0x27 board/tekkamanninja/mini2440/nand_read.o
 .ARM.attributes
                0x00000055       0x27 lib_arm/libarm.a(board.o)
 .ARM.attributes
                0x0000007c       0x27 lib_arm/libarm.a(interrupts.o)
 .ARM.attributes
                0x000000a3       0x27 net/libnet.a(eth.o)
 .ARM.attributes
                0x000000ca       0x27 net/libnet.a(net.o)
 .ARM.attributes
                0x000000f1       0x27 net/libnet.a(nfs.o)
 .ARM.attributes
                0x00000118       0x27 net/libnet.a(rarp.o)
 .ARM.attributes
                0x0000013f       0x27 net/libnet.a(tftp.o)
 .ARM.attributes
                0x00000166       0x27 net/libnet.a(bootp.o)
 .ARM.attributes
                0x0000018d       0x27 drivers/i2c/libi2c.a(s3c24x0_i2c.o)
 .ARM.attributes
                0x000001b4       0x27 drivers/mtd/nand/libnand.a(nand.o)
 .ARM.attributes
                0x000001db       0x27 drivers/mtd/nand/libnand.a(nand_base.o)
 .ARM.attributes
                0x00000202       0x27 drivers/mtd/nand/libnand.a(nand_bbt.o)
 .ARM.attributes
                0x00000229       0x27 drivers/mtd/nand/libnand.a(nand_ecc.o)
 .ARM.attributes
                0x00000250       0x27 drivers/mtd/nand/libnand.a(nand_ids.o)
 .ARM.attributes
                0x00000277       0x27 drivers/mtd/nand/libnand.a(s3c2410_nand.o)
 .ARM.attributes
                0x0000029e       0x27 drivers/serial/libserial.a(serial_s3c24x0.o)
 .ARM.attributes
                0x000002c5       0x27 drivers/usb/slave/libusb_slave.a(usbinit.o)
 .ARM.attributes
                0x000002ec       0x27 drivers/usb/slave/libusb_slave.a(interrupt.o)
 .ARM.attributes
                0x00000313       0x27 drivers/usb/slave/libusb_slave.a(usblib.o)
 .ARM.attributes
                0x0000033a       0x27 drivers/usb/slave/libusb_slave.a(usbmain.o)
 .ARM.attributes
                0x00000361       0x27 drivers/usb/slave/libusb_slave.a(usbout.o)
 .ARM.attributes
                0x00000388       0x27 drivers/usb/slave/libusb_slave.a(usbsetup.o)
 .ARM.attributes
                0x000003af       0x27 drivers/usb/slave/libusb_slave.a(usbin.o)
 .ARM.attributes
                0x000003d6       0x27 common/libcommon.a(cmd_bdinfo.o)
 .ARM.attributes
                0x000003fd       0x27 common/libcommon.a(cmd_boot.o)
 .ARM.attributes
                0x00000424       0x27 common/libcommon.a(cmd_bootm.o)
 .ARM.attributes
                0x0000044b       0x27 common/libcommon.a(cmd_cache.o)
 .ARM.attributes
                0x00000472       0x27 common/libcommon.a(cmd_console.o)
 .ARM.attributes
                0x00000499       0x27 common/libcommon.a(cmd_date.o)
 .ARM.attributes
                0x000004c0       0x27 common/libcommon.a(cmd_echo.o)
 .ARM.attributes
                0x000004e7       0x27 common/libcommon.a(cmd_eeprom.o)
 .ARM.attributes
                0x0000050e       0x27 common/libcommon.a(cmd_elf.o)
 .ARM.attributes
                0x00000535       0x27 common/libcommon.a(cmd_exit.o)
 .ARM.attributes
                0x0000055c       0x27 common/libcommon.a(cmd_fat.o)
 .ARM.attributes
                0x00000583       0x27 common/libcommon.a(cmd_flash.o)
 .ARM.attributes
                0x000005aa       0x27 common/libcommon.a(cmd_help.o)
 .ARM.attributes
                0x000005d1       0x27 common/libcommon.a(cmd_i2c.o)
 .ARM.attributes
                0x000005f8       0x27 common/libcommon.a(cmd_itest.o)
 .ARM.attributes
                0x0000061f       0x27 common/libcommon.a(cmd_jffs2.o)
 .ARM.attributes
                0x00000646       0x27 common/libcommon.a(cmd_load.o)
 .ARM.attributes
                0x0000066d       0x27 common/libcommon.a(cmd_mem.o)
 .ARM.attributes
                0x00000694       0x27 common/libcommon.a(cmd_misc.o)
 .ARM.attributes
                0x000006bb       0x27 common/libcommon.a(cmd_mmc.o)
 .ARM.attributes
                0x000006e2       0x27 common/libcommon.a(cmd_nand.o)
 .ARM.attributes
                0x00000709       0x27 common/libcommon.a(cmd_net.o)
 .ARM.attributes
                0x00000730       0x27 common/libcommon.a(cmd_nvedit.o)
 .ARM.attributes
                0x00000757       0x27 common/libcommon.a(cmd_reginfo.o)
 .ARM.attributes
                0x0000077e       0x27 common/libcommon.a(cmd_source.o)
 .ARM.attributes
                0x000007a5       0x27 common/libcommon.a(cmd_test.o)
 .ARM.attributes
                0x000007cc       0x27 common/libcommon.a(cmd_usb.o)
 .ARM.attributes
                0x000007f3       0x27 common/libcommon.a(cmd_usbslave.o)
 .ARM.attributes
                0x0000081a       0x27 common/libcommon.a(cmd_version.o)
 .ARM.attributes
                0x00000841       0x27 common/libcommon.a(cmd_ximg.o)
 .ARM.attributes
                0x00000868       0x27 common/libcommon.a(command.o)
 .ARM.attributes
                0x0000088f       0x27 common/libcommon.a(console.o)
 .ARM.attributes
                0x000008b6       0x27 common/libcommon.a(dlmalloc.o)
 .ARM.attributes
                0x000008dd       0x27 common/libcommon.a(env_common.o)
 .ARM.attributes
                0x00000904       0x27 common/libcommon.a(env_nand.o)
 .ARM.attributes
                0x0000092b       0x27 common/libcommon.a(exports.o)
 .ARM.attributes
                0x00000952       0x27 common/libcommon.a(flash.o)
 .ARM.attributes
                0x00000979       0x27 common/libcommon.a(hush.o)
 .ARM.attributes
                0x000009a0       0x27 common/libcommon.a(image.o)
 .ARM.attributes
                0x000009c7       0x27 common/libcommon.a(main.o)
 .ARM.attributes
                0x000009ee       0x27 common/libcommon.a(s_record.o)
 .ARM.attributes
                0x00000a15       0x27 common/libcommon.a(stdio.o)
 .ARM.attributes
                0x00000a3c       0x27 common/libcommon.a(usb.o)
 .ARM.attributes
                0x00000a63       0x27 common/libcommon.a(usb_storage.o)
 .ARM.attributes
                0x00000a8a       0x27 common/libcommon.a(xyzModem.o)
 .ARM.attributes
                0x00000ab1       0x27 board/tekkamanninja/mini2440/libmini2440.a(mini2440.o)
 .ARM.attributes
                0x00000ad8       0x27 board/tekkamanninja/mini2440/libmini2440.a(flash.o)
 .ARM.attributes
                0x00000aff       0x27 lib_generic/libgeneric.a(crc16.o)
 .ARM.attributes
                0x00000b26       0x27 lib_generic/libgeneric.a(crc32.o)
 .ARM.attributes
                0x00000b4d       0x27 lib_generic/libgeneric.a(ctype.o)
 .ARM.attributes
                0x00000b74       0x27 lib_generic/libgeneric.a(display_options.o)
 .ARM.attributes
                0x00000b9b       0x27 lib_generic/libgeneric.a(gunzip.o)
 .ARM.attributes
                0x00000bc2       0x27 lib_generic/libgeneric.a(net_utils.o)
 .ARM.attributes
                0x00000be9       0x27 lib_generic/libgeneric.a(string.o)
 .ARM.attributes
                0x00000c10       0x27 lib_generic/libgeneric.a(time.o)
 .ARM.attributes
                0x00000c37       0x27 lib_generic/libgeneric.a(vsprintf.o)
 .ARM.attributes
                0x00000c5e       0x27 lib_generic/libgeneric.a(zlib.o)
 .ARM.attributes
                0x00000c85       0x27 lib_generic/libgeneric.a(div64.o)
 .ARM.attributes
                0x00000cac       0x27 cpu/arm920t/s3c24x0/libs3c24x0.a(interrupts.o)
 .ARM.attributes
                0x00000cd3       0x27 cpu/arm920t/s3c24x0/libs3c24x0.a(speed.o)
 .ARM.attributes
                0x00000cfa       0x27 cpu/arm920t/s3c24x0/libs3c24x0.a(timer.o)
 .ARM.attributes
                0x00000d21       0x27 cpu/arm920t/s3c24x0/libs3c24x0.a(usb_ohci.o)
 .ARM.attributes
                0x00000d48       0x27 cpu/arm920t/s3c24x0/libs3c24x0.a(mmc.o)